Component: ARM Compiler 5.06 update 7 (build 960) Tool: armlink [4d3601]

==============================================================================

Section Cross References

    startup_stm32f407xx.o(STACK) refers (Special) to heapauxi.o(.text) for __use_two_region_memory
    startup_stm32f407xx.o(HEAP) refers (Special) to heapauxi.o(.text) for __use_two_region_memory
    startup_stm32f407xx.o(RESET) refers (Special) to heapauxi.o(.text) for __use_two_region_memory
    startup_stm32f407xx.o(RESET) refers to startup_stm32f407xx.o(STACK) for __initial_sp
    startup_stm32f407xx.o(RESET) refers to startup_stm32f407xx.o(.text) for Reset_Handler
    startup_stm32f407xx.o(RESET) refers to stm32f4xx_it.o(i.NMI_Handler) for NMI_Handler
    startup_stm32f407xx.o(RESET) refers to stm32f4xx_it.o(i.HardFault_Handler) for HardFault_Handler
    startup_stm32f407xx.o(RESET) refers to stm32f4xx_it.o(i.MemManage_Handler) for MemManage_Handler
    startup_stm32f407xx.o(RESET) refers to stm32f4xx_it.o(i.BusFault_Handler) for BusFault_Handler
    startup_stm32f407xx.o(RESET) refers to stm32f4xx_it.o(i.UsageFault_Handler) for UsageFault_Handler
    startup_stm32f407xx.o(RESET) refers to port.o(.emb_text) for SVC_Handler
    startup_stm32f407xx.o(RESET) refers to stm32f4xx_it.o(i.DebugMon_Handler) for DebugMon_Handler
    startup_stm32f407xx.o(RESET) refers to cmsis_os2.o(i.SysTick_Handler) for SysTick_Handler
    startup_stm32f407xx.o(RESET) refers to stm32f4xx_it.o(i.TIM2_IRQHandler) for TIM2_IRQHandler
    startup_stm32f407xx.o(RESET) refers to stm32f4xx_it.o(i.USART1_IRQHandler) for USART1_IRQHandler
    startup_stm32f407xx.o(RESET) refers to stm32f4xx_it.o(i.TIM8_UP_TIM13_IRQHandler) for TIM8_UP_TIM13_IRQHandler
    startup_stm32f407xx.o(RESET) refers to stm32f4xx_it.o(i.TIM8_TRG_COM_TIM14_IRQHandler) for TIM8_TRG_COM_TIM14_IRQHandler
    startup_stm32f407xx.o(RESET) refers to stm32f4xx_it.o(i.TIM5_IRQHandler) for TIM5_IRQHandler
    startup_stm32f407xx.o(RESET) refers to stm32f4xx_it.o(i.TIM7_IRQHandler) for TIM7_IRQHandler
    startup_stm32f407xx.o(.text) refers (Special) to heapauxi.o(.text) for __use_two_region_memory
    startup_stm32f407xx.o(.text) refers to system_stm32f4xx.o(i.SystemInit) for SystemInit
    startup_stm32f407xx.o(.text) refers to __main.o(!!!main) for __main
    startup_stm32f407xx.o(.text) refers to startup_stm32f407xx.o(HEAP) for Heap_Mem
    startup_stm32f407xx.o(.text) refers to startup_stm32f407xx.o(STACK) for Stack_Mem
    led_task.o(i.LED_Task_entry) refers to stm32f4xx_hal_gpio.o(i.HAL_GPIO_WritePin) for HAL_GPIO_WritePin
    led_task.o(i.LED_Task_entry) refers to cmsis_os2.o(i.osDelay) for osDelay
    main.o(i.Encoder_GetCount) refers to main.o(.bss) for .bss
    main.o(i.HAL_TIM_PeriodElapsedCallback) refers to stm32f4xx_hal.o(i.HAL_IncTick) for HAL_IncTick
    main.o(i.HAL_TIM_PeriodElapsedCallback) refers to main.o(i.HAL_TIM_PeriodElapsedCallback_TIM7) for HAL_TIM_PeriodElapsedCallback_TIM7
    main.o(i.HAL_TIM_PeriodElapsedCallback) refers to main.o(i.HAL_TIM_PeriodElapsedCallback_TIM13) for HAL_TIM_PeriodElapsedCallback_TIM13
    main.o(i.HAL_TIM_PeriodElapsedCallback_TIM13) refers to stm32f4xx_hal_gpio.o(i.HAL_GPIO_WritePin) for HAL_GPIO_WritePin
    main.o(i.HAL_TIM_PeriodElapsedCallback_TIM13) refers to main.o(.data) for .data
    main.o(i.HAL_TIM_PeriodElapsedCallback_TIM7) refers to main.o(i.PID_Calc) for PID_Calc
    main.o(i.HAL_TIM_PeriodElapsedCallback_TIM7) refers to main.o(i.Motor_SetSpeed) for Motor_SetSpeed
    main.o(i.HAL_TIM_PeriodElapsedCallback_TIM7) refers to main.o(.bss) for .bss
    main.o(i.HAL_TIM_PeriodElapsedCallback_TIM7) refers to main.o(.data) for .data
    main.o(i.HAL_UART_RxCpltCallback) refers to strchr.o(.text) for strchr
    main.o(i.HAL_UART_RxCpltCallback) refers to strcmpv7m.o(.text) for strcmp
    main.o(i.HAL_UART_RxCpltCallback) refers to main.o(i.uart_printf) for uart_printf
    main.o(i.HAL_UART_RxCpltCallback) refers to atof.o(i.__hardfp_atof) for __hardfp_atof
    main.o(i.HAL_UART_RxCpltCallback) refers to d2f.o(x$fpl$d2f) for __aeabi_d2f
    main.o(i.HAL_UART_RxCpltCallback) refers to main.o(i.Servo_SetAngle) for Servo_SetAngle
    main.o(i.HAL_UART_RxCpltCallback) refers to f2d.o(x$fpl$f2d) for __aeabi_f2d
    main.o(i.HAL_UART_RxCpltCallback) refers to atoi.o(.text) for atoi
    main.o(i.HAL_UART_RxCpltCallback) refers to main.o(i.Motor_SetSpeed) for Motor_SetSpeed
    main.o(i.HAL_UART_RxCpltCallback) refers to main.o(i.PID_SetTarget) for PID_SetTarget
    main.o(i.HAL_UART_RxCpltCallback) refers to stm32f4xx_hal_uart.o(i.HAL_UART_Receive_IT) for HAL_UART_Receive_IT
    main.o(i.HAL_UART_RxCpltCallback) refers to main.o(.data) for .data
    main.o(i.HAL_UART_RxCpltCallback) refers to main.o(.bss) for .bss
    main.o(i.LED_Task_entry) refers to stm32f4xx_hal_gpio.o(i.HAL_GPIO_WritePin) for HAL_GPIO_WritePin
    main.o(i.LED_Task_entry) refers to cmsis_os2.o(i.osDelay) for osDelay
[...]
    DMA2_Stream2_IRQHandler                  0x080003af   Thumb Code     0  startup_stm32f407xx.o(.text)
    DMA2_Stream3_IRQHandler                  0x080003af   Thumb Code     0  startup_stm32f407xx.o(.text)
    DMA2_Stream4_IRQHandler                  0x080003af   Thumb Code     0  startup_stm32f407xx.o(.text)
    DMA2_Stream5_IRQHandler                  0x080003af   Thumb Code     0  startup_stm32f407xx.o(.text)
    DMA2_Stream6_IRQHandler                  0x080003af   Thumb Code     0  startup_stm32f407xx.o(.text)
    DMA2_Stream7_IRQHandler                  0x080003af   Thumb Code     0  startup_stm32f407xx.o(.text)
    ETH_IRQHandler                           0x080003af   Thumb Code     0  startup_stm32f407xx.o(.text)
    ETH_WKUP_IRQHandler                      0x080003af   Thumb Code     0  startup_stm32f407xx.o(.text)
    EXTI0_IRQHandler                         0x080003af   Thumb Code     0  startup_stm32f407xx.o(.text)
    EXTI15_10_IRQHandler                     0x080003af   Thumb Code     0  startup_stm32f407xx.o(.text)
    EXTI1_IRQHandler                         0x080003af   Thumb Code     0  startup_stm32f407xx.o(.text)
    EXTI2_IRQHandler                         0x080003af   Thumb Code     0  startup_stm32f407xx.o(.text)
    EXTI3_IRQHandler                         0x080003af   Thumb Code     0  startup_stm32f407xx.o(.text)
    EXTI4_IRQHandler                         0x080003af   Thumb Code     0  startup_stm32f407xx.o(.text)
    EXTI9_5_IRQHandler                       0x080003af   Thumb Code     0  startup_stm32f407xx.o(.text)
    FLASH_IRQHandler                         0x080003af   Thumb Code     0  startup_stm32f407xx.o(.text)
    FMC_IRQHandler                           0x080003af   Thumb Code     0  startup_stm32f407xx.o(.text)
    FPU_IRQHandler                           0x080003af   Thumb Code     0  startup_stm32f407xx.o(.text)
    HASH_RNG_IRQHandler                      0x080003af   Thumb Code     0  startup_stm32f407xx.o(.text)
    I2C1_ER_IRQHandler                       0x080003af   Thumb Code     0  startup_stm32f407xx.o(.text)
    I2C1_EV_IRQHandler                       0x080003af   Thumb Code     0  startup_stm32f407xx.o(.text)
    I2C2_ER_IRQHandler                       0x080003af   Thumb Code     0  startup_stm32f407xx.o(.text)
    I2C2_EV_IRQHandler                       0x080003af   Thumb Code     0  startup_stm32f407xx.o(.text)
    I2C3_ER_IRQHandler                       0x080003af   Thumb Code     0  startup_stm32f407xx.o(.text)
    I2C3_EV_IRQHandler                       0x080003af   Thumb Code     0  startup_stm32f407xx.o(.text)
    OTG_FS_IRQHandler                        0x080003af   Thumb Code     0  startup_stm32f407xx.o(.text)
    OTG_FS_WKUP_IRQHandler                   0x080003af   Thumb Code     0  startup_stm32f407xx.o(.text)
    OTG_HS_EP1_IN_IRQHandler                 0x080003af   Thumb Code     0  startup_stm32f407xx.o(.text)
    OTG_HS_EP1_OUT_IRQHandler                0x080003af   Thumb Code     0  startup_stm32f407xx.o(.text)
    OTG_HS_IRQHandler                        0x080003af   Thumb Code     0  startup_stm32f407xx.o(.text)
    OTG_HS_WKUP_IRQHandler                   0x080003af   Thumb Code     0  startup_stm32f407xx.o(.text)
    PVD_IRQHandler                           0x080003af   Thumb Code     0  startup_stm32f407xx.o(.text)
    RCC_IRQHandler                           0x080003af   Thumb Code     0  startup_stm32f407xx.o(.text)
    RTC_Alarm_IRQHandler                     0x080003af   Thumb Code     0  startup_stm32f407xx.o(.text)
    RTC_WKUP_IRQHandler                      0x080003af   Thumb Code     0  startup_stm32f407xx.o(.text)
    SDIO_IRQHandler                          0x080003af   Thumb Code     0  startup_stm32f407xx.o(.text)
    SPI1_IRQHandler                          0x080003af   Thumb Code     0  startup_stm32f407xx.o(.text)
    SPI2_IRQHandler                          0x080003af   Thumb Code     0  startup_stm32f407xx.o(.text)
    SPI3_IRQHandler                          0x080003af   Thumb Code     0  startup_stm32f407xx.o(.text)
    TAMP_STAMP_IRQHandler                    0x080003af   Thumb Code     0  startup_stm32f407xx.o(.text)
    TIM1_BRK_TIM9_IRQHandler                 0x080003af   Thumb Code     0  startup_stm32f407xx.o(.text)
    TIM1_CC_IRQHandler                       0x080003af   Thumb Code     0  startup_stm32f407xx.o(.text)
    TIM1_TRG_COM_TIM11_IRQHandler            0x080003af   Thumb Code     0  startup_stm32f407xx.o(.text)
    TIM1_UP_TIM10_IRQHandler                 0x080003af   Thumb Code     0  startup_stm32f407xx.o(.text)
    TIM3_IRQHandler                          0x080003af   Thumb Code     0  startup_stm32f407xx.o(.text)
    TIM4_IRQHandler                          0x080003af   Thumb Code     0  startup_stm32f407xx.o(.text)
    TIM6_DAC_IRQHandler                      0x080003af   Thumb Code     0  startup_stm32f407xx.o(.text)
    TIM8_BRK_TIM12_IRQHandler                0x080003af   Thumb Code     0  startup_stm32f407xx.o(.text)
    TIM8_CC_IRQHandler                       0x080003af   Thumb Code     0  startup_stm32f407xx.o(.text)
    UART4_IRQHandler                         0x080003af   Thumb Code     0  startup_stm32f407xx.o(.text)
    UART5_IRQHandler                         0x080003af   Thumb Code     0  startup_stm32f407xx.o(.text)
    USART2_IRQHandler                        0x080003af   Thumb Code     0  startup_stm32f407xx.o(.text)
    USART3_IRQHandler                        0x080003af   Thumb Code     0  startup_stm32f407xx.o(.text)
    USART6_IRQHandler                        0x080003af   Thumb Code     0  startup_stm32f407xx.o(.text)
    WWDG_IRQHandler                          0x080003af   Thumb Code     0  startup_stm32f407xx.o(.text)
    __user_initial_stackheap                 0x080003b1   Thumb Code     0  startup_stm32f407xx.o(.text)
    __aeabi_uldivmod                         0x080003d5   Thumb Code     0  lludivv7m.o(.text)
    _ll_udiv                                 0x080003d5   Thumb Code   238  lludivv7m.o(.text)
    vsnprintf                                0x080004c5   Thumb Code    48  vsnprintf.o(.text)
    atoi                                     0x080004f9   Thumb Code    26  atoi.o(.text)
    strchr                                   0x08000513   Thumb Code    20  strchr.o(.text)
    strlen                                   0x08000527   Thumb Code    62  strlen.o(.text)
    __aeabi_memcpy                           0x08000565   Thumb Code     0  rt_memcpy_v6.o(.text)
    __rt_memcpy                              0x08000565   Thumb Code   138  rt_memcpy_v6.o(.text)
    _memcpy_lastbytes                        0x080005cb   Thumb Code     0  rt_memcpy_v6.o(.text)
    __aeabi_memset                           0x080005ef   Thumb Code    16  aeabi_memset.o(.text)
    __aeabi_memclr4                          0x080005ff   Thumb Code     0  rt_memclr_w.o(.text)
    __aeabi_memclr8                          0x080005ff   Thumb Code     0  rt_memclr_w.o(.text)
    __rt_memclr_w                            0x080005ff   Thumb Code    78  rt_memclr_w.o(.text)
    _memset_w                                0x08000603   Thumb Code     0  rt_memclr_w.o(.text)
    strcmp                                   0x0800064d   Thumb Code   128  strcmpv7m.o(.text)
    __use_two_region_memory                  0x080006cd   Thumb Code     2  heapauxi.o(.text)
    __rt_heap_escrow$2region                 0x080006cf   Thumb Code     2  heapauxi.o(.text)
    __rt_heap_expand$2region                 0x080006d1   Thumb Code     2  heapauxi.o(.text)
    __aeabi_errno_addr                       0x080006d5   Thumb Code     8  rt_errno_addr_intlibspace.o(.text)
    __errno$intlibspace                      0x080006d5   Thumb Code     0  rt_errno_addr_intlibspace.o(.text)
    __rt_errno_addr$intlibspace              0x080006d5   Thumb Code     0  rt_errno_addr_intlibspace.o(.text)
    __read_errno                             0x080006dd   Thumb Code    10  _rserrno.o(.text)
    __set_errno                              0x080006e7   Thumb Code    12  _rserrno.o(.text)
    _printf_pre_padding                      0x080006f3   Thumb Code    44  _printf_pad.o(.text)
    _printf_post_padding                     0x0800071f   Thumb Code    34  _printf_pad.o(.text)
    _printf_truncate_signed                  0x08000741   Thumb Code    18  _printf_truncate.o(.text)
    _printf_truncate_unsigned                0x08000753   Thumb Code    18  _printf_truncate.o(.text)
    _printf_str                              0x08000765   Thumb Code    82  _printf_str.o(.text)
    _printf_int_dec                          0x080007b9   Thumb Code   104  _printf_dec.o(.text)
    _printf_charcount                        0x08000831   Thumb Code    40  _printf_charcount.o(.text)
    _printf_char_common                      0x08000863   Thumb Code    32  _printf_char_common.o(.text)
    _sputc                                   0x08000889   Thumb Code    10  _sputc.o(.text)
    _snputc                                  0x08000893   Thumb Code    16  _snputc.o(.text)
    _printf_wctomb                           0x080008a5   Thumb Code   182  _printf_wctomb.o(.text)
    _printf_longlong_dec                     0x08000961   Thumb Code   108  _printf_longlong_dec.o(.text)
    _printf_longlong_oct                     0x080009dd   Thumb Code    66  _printf_oct_int_ll.o(.text)
    _printf_int_oct                          0x08000a1f   Thumb Code    24  _printf_oct_int_ll.o(.text)
    _printf_ll_oct                           0x08000a37   Thumb Code    12  _printf_oct_int_ll.o(.text)
    _printf_longlong_hex                     0x08000a4d   Thumb Code    86  _printf_hex_int_ll_ptr.o(.text)
    _printf_int_hex                          0x08000aa3   Thumb Code    28  _printf_hex_int_ll_ptr.o(.text)
    _printf_ll_hex                           0x08000abf   Thumb Code    12  _printf_hex_int_ll_ptr.o(.text)
    _printf_hex_ptr                          0x08000acb   Thumb Code    18  _printf_hex_int_ll_ptr.o(.text)
    __printf                                 0x08000ae1   Thumb Code   388  __printf_flags_ss_wp.o(.text)
    __strtod_int                             0x08000ca5   Thumb Code    90  strtod.o(.text)
    strtol                                   0x08000d0d   Thumb Code   112  strtol.o(.text)
    __aeabi_memcpy4                          0x08000d7d   Thumb Code     0  rt_memcpy_w.o(.text)
    __aeabi_memcpy8                          0x08000d7d   Thumb Code     0  rt_memcpy_w.o(.text)
    __rt_memcpy_w                            0x08000d7d   Thumb Code   100  rt_memcpy_w.o(.text)
    _memcpy_lastbytes_aligned                0x08000dc5   Thumb Code     0  rt_memcpy_w.o(.text)
    __aeabi_memclr                           0x08000de1   Thumb Code     0  rt_memclr.o(.text)
    __rt_memclr                              0x08000de1   Thumb Code    68  rt_memclr.o(.text)
    _memset                                  0x08000de5   Thumb Code     0  rt_memclr.o(.text)
    __user_libspace                          0x08000e25   Thumb Code     8  libspace.o(.text)
    __user_perproc_libspace                  0x08000e25   Thumb Code     0  libspace.o(.text)
    __user_perthread_libspace                0x08000e25   Thumb Code     0  libspace.o(.text)
    __rt_ctype_table                         0x08000e2d   Thumb Code    16  rt_ctype_table.o(.text)
    _ll_udiv10                               0x08000e3d   Thumb Code   138  lludiv10.o(.text)
    isspace                                  0x08000ec7   Thumb Code    18  isspace.o(.text)
    _printf_int_common                       0x08000ed9   Thumb Code   178  _printf_intcommon.o(.text)
    __lib_sel_fp_printf                      0x08000f8b   Thumb Code     2  _printf_fp_dec.o(.text)
    _printf_fp_dec_real                      0x0800113d   Thumb Code   620  _printf_fp_dec.o(.text)
    _printf_fp_hex_real                      0x080013a9   Thumb Code   756  _printf_fp_hex.o(.text)
    _printf_cs_common                        0x080016a5   Thumb Code    20  _printf_char.o(.text)
    _printf_char                             0x080016b9   Thumb Code    16  _printf_char.o(.text)
    _printf_string                           0x080016c9   Thumb Code     8  _printf_char.o(.text)
    _printf_lcs_common                       0x080016d1   Thumb Code    20  _printf_wchar.o(.text)
    _printf_wchar                            0x080016e5   Thumb Code    16  _printf_wchar.o(.text)
    _printf_wstring                          0x080016f5   Thumb Code     8  _printf_wchar.o(.text)
    _sgetc                                   0x080016fd   Thumb Code    30  _sgetc.o(.text)
    _sbackspace                              0x0800171b   Thumb Code    34  _sgetc.o(.text)
    _strtoul                                 0x0800173d   Thumb Code   158  _strtoul.o(.text)
    _wcrtomb                                 0x080017db   Thumb Code    64  _wcrtomb.o(.text)
    __user_setup_stackheap                   0x0800181b   Thumb Code    74  sys_stackheap_outer.o(.text)
    __rt_locale                              0x08001865   Thumb Code     8  rt_locale_intlibspace.o(.text)
    _printf_fp_infnan                        0x0800186d   Thumb Code   112  _printf_fp_infnan.o(.text)
    _chval                                   0x080018ed   Thumb Code    28  _chval.o(.text)
    _scanf_really_real                       0x08001b55   Thumb Code   684  scanf_fp.o(.text)
    _btod_etento                             0x08001e01   Thumb Code   224  bigflt0.o(.text)
    exit                                     0x08001ee5   Thumb Code    18  exit.o(.text)
    _sys_exit                                0x08001ef9   Thumb Code     8  sys_exit.o(.text)
    _scanf_really_hex_real                   0x08001f05   Thumb Code   786  scanf_hexfp.o(.text)
    _scanf_really_infnan                     0x08002225   Thumb Code   292  scanf_infnan.o(.text)
    __I$use$semihosting                      0x08002359   Thumb Code     0  use_no_semi.o(.text)
    __use_no_semihosting_swi                 0x08002359   Thumb Code     2  use_no_semi.o(.text)
    __aeabi_llsl                             0x0800235b   Thumb Code     0  llshl.o(.text)
    __semihosting_library_function           0x0800235b   Thumb Code     0  indicate_semi.o(.text)
    _ll_shift_l                              0x0800235b   Thumb Code    38  llshl.o(.text)
    _btod_d2e                                0x08002381   Thumb Code    62  btod.o(CL$$btod_d2e)
    _d2e_denorm_low                          0x080023bf   Thumb Code    70  btod.o(CL$$btod_d2e_denorm_low)
    _d2e_norm_op1                            0x08002405   Thumb Code    96  btod.o(CL$$btod_d2e_norm_op1)
    __btod_div_common                        0x08002465   Thumb Code   696  btod.o(CL$$btod_div_common)
    _e2d                                     0x0800279d   Thumb Code   122  btod.o(CL$$btod_e2d)
    _e2e                                     0x08002821   Thumb Code   220  btod.o(CL$$btod_e2e)
    _btod_ediv                               0x080028fd   Thumb Code    42  btod.o(CL$$btod_ediv)
    _btod_edivd                              0x08002927   Thumb Code    42  btod.o(CL$$btod_edivd)
    _btod_emul                               0x08002951   Thumb Code    42  btod.o(CL$$btod_emul)
    _btod_emuld                              0x0800297b   Thumb Code    42  btod.o(CL$$btod_emuld)
    __btod_mult_common                       0x080029a5   Thumb Code   580  btod.o(CL$$btod_mult_common)
    BusFault_Handler                         0x08002be9   Thumb Code     2  stm32f4xx_it.o(i.BusFault_Handler)
    DebugMon_Handler                         0x08002beb   Thumb Code     2  stm32f4xx_it.o(i.DebugMon_Handler)
    HAL_DMA_Abort                            0x08002bed   Thumb Code   146  stm32f4xx_hal_dma.o(i.HAL_DMA_Abort)
    HAL_DMA_Abort_IT                         0x08002c7f   Thumb Code    36  stm32f4xx_hal_dma.o(i.HAL_DMA_Abort_IT)
    HAL_GPIO_Init                            0x08002ca5   Thumb Code   450  stm32f4xx_hal_gpio.o(i.HAL_GPIO_Init)
    HAL_GPIO_WritePin                        0x08002e95   Thumb Code    10  stm32f4xx_hal_gpio.o(i.HAL_GPIO_WritePin)
    HAL_GetTick                              0x08002ea1   Thumb Code     6  stm32f4xx_hal.o(i.HAL_GetTick)
    HAL_IncTick                              0x08002ead   Thumb Code    12  stm32f4xx_hal.o(i.HAL_IncTick)
    HAL_Init                                 0x08002ebd   Thumb Code    48  stm32f4xx_hal.o(i.HAL_Init)
    HAL_InitTick                             0x08002ef1   Thumb Code   132  stm32f4xx_hal_timebase_tim.o(i.HAL_InitTick)
    HAL_MspInit                              0x08002f89   Thumb Code    52  stm32f4xx_hal_msp.o(i.HAL_MspInit)
    HAL_NVIC_EnableIRQ                       0x08002fc1   Thumb Code    26  stm32f4xx_hal_cortex.o(i.HAL_NVIC_EnableIRQ)
    HAL_NVIC_SetPriority                     0x08002fdd   Thumb Code    60  stm32f4xx_hal_cortex.o(i.HAL_NVIC_SetPriority)
    HAL_NVIC_SetPriorityGrouping             0x0800301d   Thumb Code    26  stm32f4xx_hal_cortex.o(i.HAL_NVIC_SetPriorityGrouping)
    HAL_RCC_CSSCallback                      0x08003041   Thumb Code     2  stm32f4xx_hal_rcc.o(i.HAL_RCC_CSSCallback)
    HAL_RCC_ClockConfig                      0x08003045   Thumb Code   288  stm32f4xx_hal_rcc.o(i.HAL_RCC_ClockConfig)
    HAL_RCC_EnableCSS                        0x08003179   Thumb Code     8  stm32f4xx_hal_rcc.o(i.HAL_RCC_EnableCSS)
    HAL_RCC_GetClockConfig                   0x08003185   Thumb Code    54  stm32f4xx_hal_rcc.o(i.HAL_RCC_GetClockConfig)
    HAL_RCC_GetPCLK1Freq                     0x080031c5   Thumb Code    20  stm32f4xx_hal_rcc.o(i.HAL_RCC_GetPCLK1Freq)
    HAL_RCC_GetPCLK2Freq                     0x080031e5   Thumb Code    20  stm32f4xx_hal_rcc.o(i.HAL_RCC_GetPCLK2Freq)
    HAL_RCC_GetSysClockFreq                  0x08003205   Thumb Code    66  stm32f4xx_hal_rcc.o(i.HAL_RCC_GetSysClockFreq)
    HAL_RCC_NMI_IRQHandler                   0x08003251   Thumb Code    24  stm32f4xx_hal_rcc.o(i.HAL_RCC_NMI_IRQHandler)
    HAL_RCC_OscConfig                        0x0800326d   Thumb Code   856  stm32f4xx_hal_rcc.o(i.HAL_RCC_OscConfig)
    HAL_TIMEx_BreakCallback                  0x080035d9   Thumb Code     2  stm32f4xx_hal_tim_ex.o(i.HAL_TIMEx_BreakCallback)
    HAL_TIMEx_CommutCallback                 0x080035db   Thumb Code     2  stm32f4xx_hal_tim_ex.o(i.HAL_TIMEx_CommutCallback)
    HAL_TIMEx_ConfigBreakDeadTime            0x080035dd   Thumb Code    84  stm32f4xx_hal_tim_ex.o(i.HAL_TIMEx_ConfigBreakDeadTime)
    HAL_TIMEx_MasterConfigSynchronization    0x08003631   Thumb Code   116  stm32f4xx_hal_tim_ex.o(i.HAL_TIMEx_MasterConfigSynchronization)
    HAL_TIM_Base_Init                        0x080036c1   Thumb Code    90  stm32f4xx_hal_tim.o(i.HAL_TIM_Base_Init)
    HAL_TIM_Base_MspInit                     0x0800371d   Thumb Code   112  stm32f4xx_hal_msp.o(i.HAL_TIM_Base_MspInit)
    HAL_TIM_Base_Start_IT                    0x0800379d   Thumb Code   100  stm32f4xx_hal_tim.o(i.HAL_TIM_Base_Start_IT)
    HAL_TIM_ConfigClockSource                0x0800381d   Thumb Code   220  stm32f4xx_hal_tim.o(i.HAL_TIM_ConfigClockSource)
    HAL_TIM_Encoder_Init                     0x080038f9   Thumb Code   164  stm32f4xx_hal_tim.o(i.HAL_TIM_Encoder_Init)
    HAL_TIM_Encoder_MspInit                  0x0800399d   Thumb Code   214  stm32f4xx_hal_msp.o(i.HAL_TIM_Encoder_MspInit)
    HAL_TIM_Encoder_Start                    0x08003a85   Thumb Code   142  stm32f4xx_hal_tim.o(i.HAL_TIM_Encoder_Start)
    HAL_TIM_IC_CaptureCallback               0x08003b13   Thumb Code     2  stm32f4xx_hal_tim.o(i.HAL_TIM_IC_CaptureCallback)
    HAL_TIM_IRQHandler                       0x08003b15   Thumb Code   304  stm32f4xx_hal_tim.o(i.HAL_TIM_IRQHandler)
    HAL_TIM_MspPostInit                      0x08003c45   Thumb Code    72  stm32f4xx_hal_msp.o(i.HAL_TIM_MspPostInit)
    HAL_TIM_OC_DelayElapsedCallback          0x08003c99   Thumb Code     2  stm32f4xx_hal_tim.o(i.HAL_TIM_OC_DelayElapsedCallback)
    HAL_TIM_PWM_ConfigChannel                0x08003c9b   Thumb Code   204  stm32f4xx_hal_tim.o(i.HAL_TIM_PWM_ConfigChannel)
    HAL_TIM_PWM_Init                         0x08003d67   Thumb Code    90  stm32f4xx_hal_tim.o(i.HAL_TIM_PWM_Init)
    HAL_TIM_PWM_MspInit                      0x08003dc1   Thumb Code     2  stm32f4xx_hal_tim.o(i.HAL_TIM_PWM_MspInit)
    HAL_TIM_PWM_PulseFinishedCallback        0x08003dc3   Thumb Code     2  stm32f4xx_hal_tim.o(i.HAL_TIM_PWM_PulseFinishedCallback)
    HAL_TIM_PWM_Start                        0x08003dc5   Thumb Code   172  stm32f4xx_hal_tim.o(i.HAL_TIM_PWM_Start)
    HAL_TIM_PeriodElapsedCallback            0x08003e8d   Thumb Code    52  main.o(i.HAL_TIM_PeriodElapsedCallback)
    HAL_TIM_PeriodElapsedCallback_TIM13      0x08003ecd   Thumb Code   110  main.o(i.HAL_TIM_PeriodElapsedCallback_TIM13)
    HAL_TIM_PeriodElapsedCallback_TIM7       0x08003f49   Thumb Code   210  main.o(i.HAL_TIM_PeriodElapsedCallback_TIM7)
    HAL_TIM_TriggerCallback                  0x0800402d   Thumb Code     2  stm32f4xx_hal_tim.o(i.HAL_TIM_TriggerCallback)
    HAL_UARTEx_RxEventCallback               0x0800402f   Thumb Code     2  stm32f4xx_hal_uart.o(i.HAL_UARTEx_RxEventCallback)
    HAL_UART_ErrorCallback                   0x08004031   Thumb Code     2  stm32f4xx_hal_uart.o(i.HAL_UART_ErrorCallback)
    HAL_UART_IRQHandler                      0x08004035   Thumb Code   618  stm32f4xx_hal_uart.o(i.HAL_UART_IRQHandler)
    HAL_UART_Init                            0x080042a5   Thumb Code   100  stm32f4xx_hal_uart.o(i.HAL_UART_Init)
    HAL_UART_MspInit                         0x08004309   Thumb Code   110  stm32f4xx_hal_msp.o(i.HAL_UART_MspInit)
    HAL_UART_Receive_IT                      0x08004385   Thumb Code    28  stm32f4xx_hal_uart.o(i.HAL_UART_Receive_IT)
    HAL_UART_RxCpltCallback                  0x080043a1   Thumb Code   754  main.o(i.HAL_UART_RxCpltCallback)
    HAL_UART_Transmit                        0x080047c5   Thumb Code   160  stm32f4xx_hal_uart.o(i.HAL_UART_Transmit)
    HAL_UART_TxCpltCallback                  0x08004865   Thumb Code     2  stm32f4xx_hal_uart.o(i.HAL_UART_TxCpltCallback)
    HardFault_Handler                        0x08004867   Thumb Code     2  stm32f4xx_it.o(i.HardFault_Handler)
    LED_Task_entry                           0x08004869   Thumb Code    44  led_task.o(i.LED_Task_entry)
    MemManage_Handler                        0x08004b19   Thumb Code     2  stm32f4xx_it.o(i.MemManage_Handler)
    Motor_SetSpeed                           0x08004b1d   Thumb Code    78  main.o(i.Motor_SetSpeed)
    NMI_Handler                              0x08004b75   Thumb Code     6  stm32f4xx_it.o(i.NMI_Handler)
    Servo_SetAngle                           0x08004c51   Thumb Code    70  main.o(i.Servo_SetAngle)
    StartDefaultTask                         0x08004cb1   Thumb Code    72  main.o(i.StartDefaultTask)
    SysTick_Handler                          0x08004d35   Thumb Code    26  cmsis_os2.o(i.SysTick_Handler)
    SystemClock_Config                       0x08004d51   Thumb Code   142  main.o(i.SystemClock_Config)
    SystemInit                               0x08004de9   Thumb Code    12  system_stm32f4xx.o(i.SystemInit)
    TIM2_IRQHandler                          0x08004df9   Thumb Code     6  stm32f4xx_it.o(i.TIM2_IRQHandler)
    TIM5_IRQHandler                          0x08004e05   Thumb Code     6  stm32f4xx_it.o(i.TIM5_IRQHandler)
    TIM7_IRQHandler                          0x08004e11   Thumb Code     6  stm32f4xx_it.o(i.TIM7_IRQHandler)
    TIM8_TRG_COM_TIM14_IRQHandler            0x08004e1d   Thumb Code     6  stm32f4xx_it.o(i.TIM8_TRG_COM_TIM14_IRQHandler)
    TIM8_UP_TIM13_IRQHandler                 0x08004e29   Thumb Code     6  stm32f4xx_it.o(i.TIM8_UP_TIM13_IRQHandler)
    TIM_Base_SetConfig                       0x08004e35   Thumb Code   170  stm32f4xx_hal_tim.o(i.TIM_Base_SetConfig)
    TIM_CCxChannelCmd                        0x08004f0d   Thumb Code    26  stm32f4xx_hal_tim.o(i.TIM_CCxChannelCmd)
    TIM_ETR_SetConfig                        0x08004f27   Thumb Code    20  stm32f4xx_hal_tim.o(i.TIM_ETR_SetConfig)
    TIM_OC2_SetConfig                        0x08004fad   Thumb Code    98  stm32f4xx_hal_tim.o(i.TIM_OC2_SetConfig)
    UART_Start_Receive_IT                    0x08005345   Thumb Code    54  stm32f4xx_hal_uart.o(i.UART_Start_Receive_IT)
    USART1_IRQHandler                        0x080053ed   Thumb Code     6  stm32f4xx_it.o(i.USART1_IRQHandler)
    UsageFault_Handler                       0x080053f9   Thumb Code     2  stm32f4xx_it.o(i.UsageFault_Handler)
    __ARM_fpclassify                         0x080053fb   Thumb Code    48  fpclassify.o(i.__ARM_fpclassify)
    __hardfp___mathlib_tofloat               0x08005451   Thumb Code   232  narrow.o(i.__hardfp___mathlib_tofloat)
    __hardfp_atof                            0x08005549   Thumb Code    44  atof.o(i.__hardfp_atof)
    __hardfp_ldexp                           0x08005581   Thumb Code   200  ldexp.o(i.__hardfp_ldexp)
    __mathlib_dbl_overflow                   0x08005651   Thumb Code    24  dunder.o(i.__mathlib_dbl_overflow)
    __mathlib_dbl_underflow                  0x08005671   Thumb Code    24  dunder.o(i.__mathlib_dbl_underflow)
    __mathlib_narrow                         0x08005691   Thumb Code    18  narrow.o(i.__mathlib_narrow)
    __support_ldexp                          0x080056a3   Thumb Code    20  ldexp.o(i.__support_ldexp)
    _is_digit                                0x080056b7   Thumb Code    14  __printf_wp.o(i._is_digit)
    frexp                                    0x080056c9   Thumb Code   118  frexp.o(i.frexp)
    main                                     0x08005755   Thumb Code   404  main.o(i.main)
    osDelay                                  0x0800590d   Thumb Code    26  cmsis_os2.o(i.osDelay)
    osKernelInitialize                       0x08005929   Thumb Code    32  cmsis_os2.o(i.osKernelInitialize)
    osKernelStart                            0x0800594d   Thumb Code    48  cmsis_os2.o(i.osKernelStart)
    osThreadNew                              0x08005985   Thumb Code   138  cmsis_os2.o(i.osThreadNew)
    pvPortMalloc                             0x080061a5   Thumb Code   216  heap_4.o(i.pvPortMalloc)
    pxPortInitialiseStack                    0x08006281   Thumb Code    40  port.o(i.pxPortInitialiseStack)
    uxListRemove                             0x080062dd   Thumb Code    38  list.o(i.uxListRemove)
    vApplicationGetIdleTaskMemory            0x08006305   Thumb Code    16  cmsis_os2.o(i.vApplicationGetIdleTaskMemory)
    vApplicationGetTimerTaskMemory           0x08006319   Thumb Code    18  cmsis_os2.o(i.vApplicationGetTimerTaskMemory)
    vListInitialise                          0x08006331   Thumb Code    22  list.o(i.vListInitialise)
    vListInitialiseItem                      0x08006347   Thumb Code     6  list.o(i.vListInitialiseItem)
    vListInsert                              0x0800634d   Thumb Code    48  list.o(i.vListInsert)
    vListInsertEnd                           0x0800637d   Thumb Code    24  list.o(i.vListInsertEnd)
    vPortEnterCritical                       0x08006395   Thumb Code    54  port.o(i.vPortEnterCritical)
    vPortExitCritical                        0x080063d5   Thumb Code    34  port.o(i.vPortExitCritical)
    vPortFree                                0x080063fd   Thumb Code    94  heap_4.o(i.vPortFree)
    vPortSetupTimerInterrupt                 0x08006461   Thumb Code    32  port.o(i.vPortSetupTimerInterrupt)
    vPortValidateInterruptPriority           0x08006485   Thumb Code    74  port.o(i.vPortValidateInterruptPriority)
    vQueueAddToRegistry                      0x080064d9   Thumb Code    34  queue.o(i.vQueueAddToRegistry)
    vQueueWaitForMessageRestricted           0x08006501   Thumb Code    68  queue.o(i.vQueueWaitForMessageRestricted)
    vTaskDelay                               0x08006545   Thumb Code    66  tasks.o(i.vTaskDelay)
    vTaskInternalSetTimeOutState             0x08006591   Thumb Code    12  tasks.o(i.vTaskInternalSetTimeOutState)
    vTaskMissedYield                         0x080065a1   Thumb Code     8  tasks.o(i.vTaskMissedYield)
    vTaskPlaceOnEventList                    0x080065ad   Thumb Code    44  tasks.o(i.vTaskPlaceOnEventList)
    vTaskPlaceOnEventListRestricted          0x080065dd   Thumb Code    52  tasks.o(i.vTaskPlaceOnEventListRestricted)
    vTaskStartScheduler                      0x08006615   Thumb Code   118  tasks.o(i.vTaskStartScheduler)
    vTaskSuspendAll                          0x0800669d   Thumb Code    10  tasks.o(i.vTaskSuspendAll)
    vTaskSwitchContext                       0x080066ad   Thumb Code    90  tasks.o(i.vTaskSwitchContext)
    xPortStartScheduler                      0x08006711   Thumb Code   222  port.o(i.xPortStartScheduler)
    xPortSysTickHandler                      0x08006805   Thumb Code    38  port.o(i.xPortSysTickHandler)
    xQueueGenericCreateStatic                0x08006831   Thumb Code   102  queue.o(i.xQueueGenericCreateStatic)
    xQueueGenericReset                       0x08006899   Thumb Code   132  queue.o(i.xQueueGenericReset)
    xQueueGenericSend                        0x08006921   Thumb Code   346  queue.o(i.xQueueGenericSend)
    xQueueGenericSendFromISR                 0x08006a81   Thumb Code   190  queue.o(i.xQueueGenericSendFromISR)
    xQueueReceive                            0x08006b41   Thumb Code   308  queue.o(i.xQueueReceive)
    xTaskCheckForTimeOut                     0x08006c79   Thumb Code   112  tasks.o(i.xTaskCheckForTimeOut)
    xTaskCreate                              0x08006ced   Thumb Code    90  tasks.o(i.xTaskCreate)
    xTaskCreateStatic                        0x08006d47   Thumb Code    86  tasks.o(i.xTaskCreateStatic)
    xTaskGetSchedulerState                   0x08006d9d   Thumb Code    22  tasks.o(i.xTaskGetSchedulerState)
    xTaskGetTickCount                        0x08006db9   Thumb Code     6  tasks.o(i.xTaskGetTickCount)
    xTaskIncrementTick                       0x08006dc5   Thumb Code   192  tasks.o(i.xTaskIncrementTick)
    xTaskPriorityDisinherit                  0x08006e8d   Thumb Code   118  tasks.o(i.xTaskPriorityDisinherit)
    xTaskRemoveFromEventList                 0x08006f0d   Thumb Code    98  tasks.o(i.xTaskRemoveFromEventList)
    xTaskResumeAll                           0x08006f7d   Thumb Code   182  tasks.o(i.xTaskResumeAll)
    xTimerCreateTimerTask                    0x08007041   Thumb Code    78  timers.o(i.xTimerCreateTimerTask)
    xTimerGenericCommand                     0x080070a1   Thumb Code    98  timers.o(i.xTimerGenericCommand)
    _get_lc_numeric                          0x08007109   Thumb Code    44  lc_numeric_c.o(locale$$code)
    _get_lc_ctype                            0x08007135   Thumb Code    44  lc_ctype_c.o(locale$$code)
    __aeabi_d2f                              0x08007161   Thumb Code     0  d2f.o(x$fpl$d2f)
    _d2f                                     0x08007161   Thumb Code    98  d2f.o(x$fpl$d2f)
    __fpl_dcheck_NaN1                        0x080071c5   Thumb Code    10  dcheck1.o(x$fpl$dcheck1)
    __fpl_dcmp_Inf                           0x080071d5   Thumb Code    24  dcmpi.o(x$fpl$dcmpinf)
    __aeabi_cdcmpeq                          0x080071ed   Thumb Code     0  deqf.o(x$fpl$deqf)
    _dcmpeq                                  0x080071ed   Thumb Code   120  deqf.o(x$fpl$deqf)
    __aeabi_cdcmple                          0x08007265   Thumb Code     0  dleqf.o(x$fpl$dleqf)
    _dcmple                                  0x08007265   Thumb Code   120  dleqf.o(x$fpl$dleqf)
    __fpl_dcmple_InfNaN                      0x080072c7   Thumb Code     0  dleqf.o(x$fpl$dleqf)
    __aeabi_dmul                             0x080072dd   Thumb Code     0  dmul.o(x$fpl$dmul)
    _dmul                                    0x080072dd   Thumb Code   332  dmul.o(x$fpl$dmul)
    __fpl_dnaninf                            0x08007431   Thumb Code   156  dnaninf.o(x$fpl$dnaninf)
    __fpl_dretinf                            0x080074cd   Thumb Code    12  dretinf.o(x$fpl$dretinf)
    __aeabi_cdrcmple                         0x080074d9   Thumb Code     0  drleqf.o(x$fpl$drleqf)
    _drcmple                                 0x080074d9   Thumb Code   108  drleqf.o(x$fpl$drleqf)
    __aeabi_f2d                              0x08007545   Thumb Code     0  f2d.o(x$fpl$f2d)
    _f2d                                     0x08007545   Thumb Code    86  f2d.o(x$fpl$f2d)
    __fpl_fnaninf                            0x0800759b   Thumb Code   140  fnaninf.o(x$fpl$fnaninf)
    _fp_init                                 0x08007627   Thumb Code    10  fpinit.o(x$fpl$fpinit)
    __fplib_config_fpu_vfp                   0x0800762f   Thumb Code     0  fpinit.o(x$fpl$fpinit)
    __fplib_config_pureend_doubles           0x0800762f   Thumb Code     0  fpinit.o(x$fpl$fpinit)
    __fpl_fretinf                            0x08007631   Thumb Code    10  fretinf.o(x$fpl$fretinf)
    __ieee_status                            0x0800763b   Thumb Code     6  istatus.o(x$fpl$ieeestatus)
    _printf_fp_dec                           0x08007641   Thumb Code     4  printf1.o(x$fpl$printf1)
    _printf_fp_hex                           0x08007645   Thumb Code     4  printf2.o(x$fpl$printf2)
    __fpl_return_NaN                         0x08007649   Thumb Code   100  retnan.o(x$fpl$retnan)
    __ARM_scalbn                             0x080076ad   Thumb Code    92  scalbn.o(x$fpl$scalbn)
    _scanf_real                              0x08007709   Thumb Code     4  scanf1.o(x$fpl$scanf1)
    _scanf_hex_real                          0x0800770d   Thumb Code     4  scanf2.o(x$fpl$scanf2)
    _scanf_infnan                            0x08007711   Thumb Code     4  scanf2.o(x$fpl$scanf2)
    __fpl_cmpreturn                          0x08007715   Thumb Code    48  trapv.o(x$fpl$trapveneer)
    __I$use$fp                               0x08007744   Number         0  usenofp.o(x$fpl$usenofp)
    defaultTask_attributes                   0x08007744   Data          36  main.o(.constdata)
    LED_Task_attributes                      0x08007768   Data          36  main.o(.constdata)
    AHBPrescTable                            0x0800778c   Data          16  system_stm32f4xx.o(.constdata)
    APBPrescTable                            0x0800779c   Data           8  system_stm32f4xx.o(.constdata)
    Region$$Table$$Base                      0x080078b8   Number         0  anon$$obj.o(Region$$Table)
    Region$$Table$$Limit                     0x080078d8   Number         0  anon$$obj.o(Region$$Table)
    __aeabi_HUGE_VAL                         0x080078d8   Data           0  fpconst.o(c$$dinf)
    __aeabi_HUGE_VALL                        0x080078d8   Data           0  fpconst.o(c$$dinf)
    __aeabi_INFINITY                         0x080078d8   Data           0  fpconst.o(c$$dinf)
    __dInf                                   0x080078d8   Data           0  fpconst.o(c$$dinf)
    __huge_val                               0x080078d8   Data           0  fpconst.o(c$$dinf)
    __dbl_max                                0x080078e0   Data           0  fpconst.o(c$$dmax)
    __ctype                                  0x08007911   Data           0  lc_ctype_c.o(locale$$data)
    defaultTaskHandle                        0x20000018   Data           4  main.o(.data)
    LED_TaskHandle                           0x2000001c   Data           4  main.o(.data)
    uwTickFreq                               0x20000078   Data           1  stm32f4xx_hal.o(.data)
    uwTickPrio                               0x2000007c   Data           4  stm32f4xx_hal.o(.data)
    uwTick                                   0x20000080   Data           4  stm32f4xx_hal.o(.data)
    SystemCoreClock                          0x20000084   Data           4  system_stm32f4xx.o(.data)
    pxCurrentTCB                             0x20000088   Data           4  tasks.o(.data)
    htim1                                    0x20000128   Data          72  main.o(.bss)
    htim2                                    0x20000170   Data          72  main.o(.bss)
    htim5                                    0x200001b8   Data          72  main.o(.bss)
    htim7                                    0x20000200   Data          72  main.o(.bss)
    htim13                                   0x20000248   Data          72  main.o(.bss)
    huart1                                   0x20000290   Data          72  main.o(.bss)
    LED_TaskBuffer                           0x200002d8   Data         512  main.o(.bss)
    LED_TaskControlBlock                     0x200004d8   Data          92  main.o(.bss)
    htim14                                   0x20000534   Data          72  stm32f4xx_hal_timebase_tim.o(.bss)
    xQueueRegistry                           0x2000057c   Data          64  queue.o(.bss)
    __libspace_start                         0x20008a50   Data          96  libspace.o(.bss)
    __temporary_stack_top$libspace           0x20008ab0   Data           0  libspace.o(.bss)



==============================================================================

Memory Map of the image

  Image Entry point : 0x08000189

  Load Region LR_IROM1 (Base: 0x08000000, Size: 0x00007b1c, Max: 0x00080000, ABSOLUTE)

    Execution Region ER_IROM1 (Exec base: 0x08000000, Load base: 0x08000000, Size: 0x00007a14, Max: 0x00080000, ABSOLUTE)

    Exec Addr    Load Addr    Size         Type   Attr      Idx    E Section Name        Object

    0x08000000   0x08000000   0x00000188   Data   RO            3    RESET               startup_stm32f407xx.o
    0x08000188   0x08000188   0x00000008   Code   RO         4832  * !!!main             c_w.l(__main.o)
    0x08000190   0x08000190   0x00000034   Code   RO         5299    !!!scatter          c_w.l(__scatter.o)
    0x080001c4   0x080001c4   0x0000001a   Code   RO         5301    !!handler_copy      c_w.l(__scatter_copy.o)
    0x080001de   0x080001de   0x00000002   PAD
    0x080001e0   0x080001e0   0x0000001c   Code   RO         5303    !!handler_zi        c_w.l(__scatter_zi.o)
    0x080001fc   0x080001fc   0x00000000   Code   RO         4939    .ARM.Collect$$_printf_percent$$00000000  c_w.l(_printf_percent.o)
    0x080001fc   0x080001fc   0x00000006   Code   RO         4928    .ARM.Collect$$_printf_percent$$00000001  c_w.l(_printf_n.o)
    0x08000202   0x08000202   0x00000006   Code   RO         4930    .ARM.Collect$$_printf_percent$$00000002  c_w.l(_printf_p.o)
    0x08000208   0x08000208   0x00000006   Code   RO         4935    .ARM.Collect$$_printf_percent$$00000003  c_w.l(_printf_f.o)
    0x0800020e   0x0800020e   0x00000006   Code   RO         4936    .ARM.Collect$$_printf_percent$$00000004  c_w.l(_printf_e.o)
    0x08000214   0x08000214   0x00000006   Code   RO         4937    .ARM.Collect$$_printf_percent$$00000005  c_w.l(_printf_g.o)
    0x0800021a   0x0800021a   0x00000006   Code   RO         4938    .ARM.Collect$$_printf_percent$$00000006  c_w.l(_printf_a.o)
    0x08000220   0x08000220   0x0000000a   Code   RO         4943    .ARM.Collect$$_printf_percent$$00000007  c_w.l(_printf_ll.o)
    0x0800022a   0x0800022a   0x00000006   Code   RO         4932    .ARM.Collect$$_printf_percent$$00000008  c_w.l(_printf_i.o)
    0x08000230   0x08000230   0x00000006   Code   RO         4933    .ARM.Collect$$_printf_percent$$00000009  c_w.l(_printf_d.o)
    0x08000236   0x08000236   0x00000006   Code   RO         4934    .ARM.Collect$$_printf_percent$$0000000A  c_w.l(_printf_u.o)
    0x0800023c   0x0800023c   0x00000006   Code   RO         4931    .ARM.Collect$$_printf_percent$$0000000B  c_w.l(_printf_o.o)
    0x08000242   0x08000242   0x00000006   Code   RO         4929    .ARM.Collect$$_printf_percent$$0000000C  c_w.l(_printf_x.o)
    0x08000248   0x08000248   0x00000006   Code   RO         4940    .ARM.Collect$$_printf_percent$$0000000D  c_w.l(_printf_lli.o)
    0x0800024e   0x0800024e   0x00000006   Code   RO         4941    .ARM.Collect$$_printf_percent$$0000000E  c_w.l(_printf_lld.o)
    0x08000254   0x08000254   0x00000006   Code   RO         4942    .ARM.Collect$$_printf_percent$$0000000F  c_w.l(_printf_llu.o)
    0x0800025a   0x0800025a   0x00000006   Code   RO         4947    .ARM.Collect$$_printf_percent$$00000010  c_w.l(_printf_llo.o)
    0x08000260   0x08000260   0x00000006   Code   RO         4948    .ARM.Collect$$_printf_percent$$00000011  c_w.l(_printf_llx.o)
    0x08000266   0x08000266   0x0000000a   Code   RO         4944    .ARM.Collect$$_printf_percent$$00000012  c_w.l(_printf_l.o)
    0x08000270   0x08000270   0x00000006   Code   RO         4926    .ARM.Collect$$_printf_percent$$00000013  c_w.l(_printf_c.o)
    0x08000276   0x08000276   0x00000006   Code   RO         4927    .ARM.Collect$$_printf_percent$$00000014  c_w.l(_printf_s.o)
    0x0800027c   0x0800027c   0x00000006   Code   RO         4945    .ARM.Collect$$_printf_percent$$00000015  c_w.l(_printf_lc.o)
    0x08000282   0x08000282   0x00000006   Code   RO         4946    .ARM.Collect$$_printf_percent$$00000016  c_w.l(_printf_ls.o)
    0x08000288   0x08000288   0x00000004   Code   RO         5013    .ARM.Collect$$_printf_percent$$00000017  c_w.l(_printf_percent_end.o)
    0x0800028c   0x0800028c   0x00000002   Code   RO         5077    .ARM.Collect$$libinit$$00000000  c_w.l(libinit.o)
    0x0800028e   0x0800028e   0x00000004   Code   RO         5078    .ARM.Collect$$libinit$$00000001  c_w.l(libinit2.o)
    0x08000292   0x08000292   0x00000000   Code   RO         5081    .ARM.Collect$$libinit$$00000004  c_w.l(libinit2.o)
    0x08000292   0x08000292   0x00000000   Code   RO         5084    .ARM.Collect$$libinit$$0000000A  c_w.l(libinit2.o)
    0x08000292   0x08000292   0x00000000   Code   RO         5086    .ARM.Collect$$libinit$$0000000C  c_w.l(libinit2.o)
    0x08000292   0x08000292   0x00000000   Code   RO         5088    .ARM.Collect$$libinit$$0000000E  c_w.l(libinit2.o)
    0x08000292   0x08000292   0x00000006   Code   RO         5089    .ARM.Collect$$libinit$$0000000F  c_w.l(libinit2.o)
    0x08000298   0x08000298   0x00000000   Code   RO         5091    .ARM.Collect$$libinit$$00000011  c_w.l(libinit2.o)
    0x08000298   0x08000298   0x0000000c   Code   RO         5092    .ARM.Collect$$libinit$$00000012  c_w.l(libinit2.o)
    0x080002a4   0x080002a4   0x00000000   Code   RO         5093    .ARM.Collect$$libinit$$00000013  c_w.l(libinit2.o)
    0x080002a4   0x080002a4   0x00000000   Code   RO         5095    .ARM.Collect$$libinit$$00000015  c_w.l(libinit2.o)
    0x080002a4   0x080002a4   0x0000000a   Code   RO         5096    .ARM.Collect$$libinit$$00000016  c_w.l(libinit2.o)
    0x080002ae   0x080002ae   0x00000000   Code   RO         5097    .ARM.Collect$$libinit$$00000017  c_w.l(libinit2.o)
    0x080002ae   0x080002ae   0x00000000   Code   RO         5099    .ARM.Collect$$libinit$$00000019  c_w.l(libinit2.o)
    0x080002ae   0x080002ae   0x00000000   Code   RO         5101    .ARM.Collect$$libinit$$0000001B  c_w.l(libinit2.o)
    0x080002ae   0x080002ae   0x00000000   Code   RO         5103    .ARM.Collect$$libinit$$0000001D  c_w.l(libinit2.o)
    0x080002ae   0x080002ae   0x00000000   Code   RO         5105    .ARM.Collect$$libinit$$0000001F  c_w.l(libinit2.o)
    0x080002ae   0x080002ae   0x00000000   Code   RO         5107    .ARM.Collect$$libinit$$00000021  c_w.l(libinit2.o)
    0x080002ae   0x080002ae   0x00000000   Code   RO         5109    .ARM.Collect$$libinit$$00000023  c_w.l(libinit2.o)
    0x080002ae   0x080002ae   0x00000000   Code   RO         5111    .ARM.Collect$$libinit$$00000025  c_w.l(libinit2.o)
    0x080002ae   0x080002ae   0x00000000   Code   RO         5115    .ARM.Collect$$libinit$$0000002C  c_w.l(libinit2.o)
    0x080002ae   0x080002ae   0x00000000   Code   RO         5117    .ARM.Collect$$libinit$$0000002E  c_w.l(libinit2.o)
    0x080002ae   0x080002ae   0x00000000   Code   RO         5119    .ARM.Collect$$libinit$$00000030  c_w.l(libinit2.o)
    0x080002ae   0x080002ae   0x00000000   Code   RO         5121    .ARM.Collect$$libinit$$00000032  c_w.l(libinit2.o)
    0x080002ae   0x080002ae   0x00000002   Code   RO         5122    .ARM.Collect$$libinit$$00000033  c_w.l(libinit2.o)
    0x080002b0   0x080002b0   0x00000002   Code   RO         5207    .ARM.Collect$$libshutdown$$00000000  c_w.l(libshutdown.o)
    0x080002b2   0x080002b2   0x00000000   Code   RO         5247    .ARM.Collect$$libshutdown$$00000002  c_w.l(libshutdown2.o)
    0x080002b2   0x080002b2   0x00000000   Code   RO         5249    .ARM.Collect$$libshutdown$$00000004  c_w.l(libshutdown2.o)
    0x080002b2   0x080002b2   0x00000000   Code   RO         5251    .ARM.Collect$$libshutdown$$00000006  c_w.l(libshutdown2.o)
    0x080002b2   0x080002b2   0x00000000   Code   RO         5254    .ARM.Collect$$libshutdown$$00000009  c_w.l(libshutdown2.o)
    0x080002b2   0x080002b2   0x00000000   Code   RO         5257    .ARM.Collect$$libshutdown$$0000000C  c_w.l(libshutdown2.o)
    0x080002b2   0x080002b2   0x00000000   Code   RO         5259    .ARM.Collect$$libshutdown$$0000000E  c_w.l(libshutdown2.o)
    0x080002b2   0x080002b2   0x00000000   Code   RO         5262    .ARM.Collect$$libshutdown$$00000011  c_w.l(libshutdown2.o)
    0x080002b2   0x080002b2   0x00000002   Code   RO         5263    .ARM.Collect$$libshutdown$$00000012  c_w.l(libshutdown2.o)
    0x080002b4   0x080002b4   0x00000000   Code   RO         4844    .ARM.Collect$$rtentry$$00000000  c_w.l(__rtentry.o)
    0x080002b4   0x080002b4   0x00000000   Code   RO         4978    .ARM.Collect$$rtentry$$00000002  c_w.l(__rtentry2.o)
    0x080002b4   0x080002b4   0x00000006   Code   RO         4990    .ARM.Collect$$rtentry$$00000004  c_w.l(__rtentry4.o)
    0x080002ba   0x080002ba   0x00000000   Code   RO         4980    .ARM.Collect$$rtentry$$00000009  c_w.l(__rtentry2.o)
    0x080002ba   0x080002ba   0x00000004   Code   RO         4981    .ARM.Collect$$rtentry$$0000000A  c_w.l(__rtentry2.o)
    0x080002be   0x080002be   0x00000000   Code   RO         4983    .ARM.Collect$$rtentry$$0000000C  c_w.l(__rtentry2.o)
    0x080002be   0x080002be   0x00000008   Code   RO         4984    .ARM.Collect$$rtentry$$0000000D  c_w.l(__rtentry2.o)
    0x080002c6   0x080002c6   0x00000002   Code   RO         5127    .ARM.Collect$$rtexit$$00000000  c_w.l(rtexit.o)
    0x080002c8   0x080002c8   0x00000000   Code   RO         5160    .ARM.Collect$$rtexit$$00000002  c_w.l(rtexit2.o)
    0x080002c8   0x080002c8   0x00000004   Code   RO         5161    .ARM.Collect$$rtexit$$00000003  c_w.l(rtexit2.o)
    0x080002cc   0x080002cc   0x00000006   Code   RO         5162    .ARM.Collect$$rtexit$$00000004  c_w.l(rtexit2.o)
    0x080002d2   0x080002d2   0x00000002   PAD
    0x080002d4   0x080002d4   0x000000be   Code   RO         4731    .emb_text           port.o
    0x08000392   0x08000392   0x00000002   PAD
    0x08000394   0x08000394   0x00000040   Code   RO            4    .text               startup_stm32f407xx.o
    0x080003d4   0x080003d4   0x000000ee   Code   RO         4810    .text               c_w.l(lludivv7m.o)
    0x080004c2   0x080004c2   0x00000002   PAD
    0x080004c4   0x080004c4   0x00000034   Code   RO         4812    .text               c_w.l(vsnprintf.o)
    0x080004f8   0x080004f8   0x0000001a   Code   RO         4814    .text               c_w.l(atoi.o)
    0x08000512   0x08000512   0x00000014   Code   RO         4816    .text               c_w.l(strchr.o)
    0x08000526   0x08000526   0x0000003e   Code   RO         4818    .text               c_w.l(strlen.o)
    0x08000564   0x08000564   0x0000008a   Code   RO         4820    .text               c_w.l(rt_memcpy_v6.o)
    0x080005ee   0x080005ee   0x00000010   Code   RO         4824    .text               c_w.l(aeabi_memset.o)
    0x080005fe   0x080005fe   0x0000004e   Code   RO         4826    .text               c_w.l(rt_memclr_w.o)
    0x0800064c   0x0800064c   0x00000080   Code   RO         4828    .text               c_w.l(strcmpv7m.o)
    0x080006cc   0x080006cc   0x00000006   Code   RO         4830    .text               c_w.l(heapauxi.o)
    0x080006d2   0x080006d2   0x00000002   PAD
    0x080006d4   0x080006d4   0x00000008   Code   RO         4852    .text               c_w.l(rt_errno_addr_intlibspace.o)
    0x080006dc   0x080006dc   0x00000016   Code   RO         4854    .text               c_w.l(_rserrno.o)
    0x080006f2   0x080006f2   0x0000004e   Code   RO         4858    .text               c_w.l(_printf_pad.o)
    0x08000740   0x08000740   0x00000024   Code   RO         4860    .text               c_w.l(_printf_truncate.o)
    0x08000764   0x08000764   0x00000052   Code   RO         4862    .text               c_w.l(_printf_str.o)
    0x080007b6   0x080007b6   0x00000002   PAD
    0x080007b8   0x080007b8   0x00000078   Code   RO         4864    .text               c_w.l(_printf_dec.o)
    0x08000830   0x08000830   0x00000028   Code   RO         4866    .text               c_w.l(_printf_charcount.o)
    0x08000858   0x08000858   0x00000030   Code   RO         4868    .text               c_w.l(_printf_char_common.o)
    0x08000888   0x08000888   0x0000000a   Code   RO         4870    .text               c_w.l(_sputc.o)
    0x08000892   0x08000892   0x00000010   Code   RO         4872    .text               c_w.l(_snputc.o)
    0x080008a2   0x080008a2   0x00000002   PAD
    0x080008a4   0x080008a4   0x000000bc   Code   RO         4874    .text               c_w.l(_printf_wctomb.o)
    0x08000960   0x08000960   0x0000007c   Code   RO         4877    .text               c_w.l(_printf_longlong_dec.o)
    0x080009dc   0x080009dc   0x00000070   Code   RO         4883    .text               c_w.l(_printf_oct_int_ll.o)
    0x08000a4c   0x08000a4c   0x00000094   Code   RO         4903    .text               c_w.l(_printf_hex_int_ll_ptr.o)
    0x08000ae0   0x08000ae0   0x00000188   Code   RO         4923    .text               c_w.l(__printf_flags_ss_wp.o)
    0x08000c68   0x08000c68   0x000000a4   Code   RO         4949    .text               c_w.l(strtod.o)
    0x08000d0c   0x08000d0c   0x00000070   Code   RO         4951    .text               c_w.l(strtol.o)
    0x08000d7c   0x08000d7c   0x00000064   Code   RO         4953    .text               c_w.l(rt_memcpy_w.o)
    0x08000de0   0x08000de0   0x00000044   Code   RO         4955    .text               c_w.l(rt_memclr.o)
    0x08000e24   0x08000e24   0x00000008   Code   RO         4974    .text               c_w.l(libspace.o)
    0x08000e2c   0x08000e2c   0x00000010   Code   RO         4992    .text               c_w.l(rt_ctype_table.o)
    0x08000e3c   0x08000e3c   0x0000008a   Code   RO         4996    .text               c_w.l(lludiv10.o)
    0x08000ec6   0x08000ec6   0x00000012   Code   RO         4998    .text               c_w.l(isspace.o)
    0x08000ed8   0x08000ed8   0x000000b2   Code   RO         5000    .text               c_w.l(_printf_intcommon.o)
    0x08000f8a   0x08000f8a   0x0000041e   Code   RO         5002    .text               c_w.l(_printf_fp_dec.o)
    0x080013a8   0x080013a8   0x000002fc   Code   RO         5004    .text               c_w.l(_printf_fp_hex.o)
    0x080016a4   0x080016a4   0x0000002c   Code   RO         5009    .text               c_w.l(_printf_char.o)
    0x080016d0   0x080016d0   0x0000002c   Code   RO         5011    .text               c_w.l(_printf_wchar.o)
    0x080016fc   0x080016fc   0x00000040   Code   RO         5014    .text               c_w.l(_sgetc.o)
    0x0800173c   0x0800173c   0x0000009e   Code   RO         5016    .text               c_w.l(_strtoul.o)
    0x080017da   0x080017da   0x00000040   Code   RO         5018    .text               c_w.l(_wcrtomb.o)
    0x0800181a   0x0800181a   0x0000004a   Code   RO         5025    .text               c_w.l(sys_stackheap_outer.o)
    0x08001864   0x08001864   0x00000008   Code   RO         5030    .text               c_w.l(rt_locale_intlibspace.o)
    0x0800186c   0x0800186c   0x00000080   Code   RO         5032    .text               c_w.l(_printf_fp_infnan.o)
    0x080018ec   0x080018ec   0x0000001c   Code   RO         5034    .text               c_w.l(_chval.o)
    0x08001908   0x08001908   0x000004f8   Code   RO         5036    .text               c_w.l(scanf_fp.o)
    0x08001e00   0x08001e00   0x000000e4   Code   RO         5038    .text               c_w.l(bigflt0.o)
    0x08001ee4   0x08001ee4   0x00000012   Code   RO         5066    .text               c_w.l(exit.o)
    0x08001ef6   0x08001ef6   0x00000002   PAD
    0x08001ef8   0x08001ef8   0x0000000c   Code   RO         5157    .text               c_w.l(sys_exit.o)
    0x08001f04   0x08001f04   0x00000320   Code   RO         5166    .text               c_w.l(scanf_hexfp.o)
    0x08002224   0x08002224   0x00000134   Code   RO         5168    .text               c_w.l(scanf_infnan.o)
    0x08002358   0x08002358   0x00000002   Code   RO         5192    .text               c_w.l(use_no_semi.o)
    0x0800235a   0x0800235a   0x00000000   Code   RO         5194    .text               c_w.l(indicate_semi.o)
    0x0800235a   0x0800235a   0x00000026   Code   RO         5197    .text               c_w.l(llshl.o)
    0x08002380   0x08002380   0x0000003e   Code   RO         5041    CL$$btod_d2e        c_w.l(btod.o)
    0x080023be   0x080023be   0x00000046   Code   RO         5043    CL$$btod_d2e_denorm_low  c_w.l(btod.o)
    0x08002404   0x08002404   0x00000060   Code   RO         5042    CL$$btod_d2e_norm_op1  c_w.l(btod.o)
    0x08002464   0x08002464   0x00000338   Code   RO         5051    CL$$btod_div_common  c_w.l(btod.o)
    0x0800279c   0x0800279c   0x00000084   Code   RO         5049    CL$$btod_e2d        c_w.l(btod.o)
    0x08002820   0x08002820   0x000000dc   Code   RO         5048    CL$$btod_e2e        c_w.l(btod.o)
    0x080028fc   0x080028fc   0x0000002a   Code   RO         5045    CL$$btod_ediv       c_w.l(btod.o)
    0x08002926   0x08002926   0x0000002a   Code   RO         5047    CL$$btod_edivd      c_w.l(btod.o)
    0x08002950   0x08002950   0x0000002a   Code   RO         5044    CL$$btod_emul       c_w.l(btod.o)
    0x0800297a   0x0800297a   0x0000002a   Code   RO         5046    CL$$btod_emuld      c_w.l(btod.o)
    0x080029a4   0x080029a4   0x00000244   Code   RO         5050    CL$$btod_mult_common  c_w.l(btod.o)
    0x08002be8   0x08002be8   0x00000002   Code   RO          342    i.BusFault_Handler  stm32f4xx_it.o
    0x08002bea   0x08002bea   0x00000002   Code   RO          343    i.DebugMon_Handler  stm32f4xx_it.o
    0x08002bec   0x08002bec   0x00000092   Code   RO         1976    i.HAL_DMA_Abort     stm32f4xx_hal_dma.o
    0x08002c7e   0x08002c7e   0x00000024   Code   RO         1977    i.HAL_DMA_Abort_IT  stm32f4xx_hal_dma.o
    0x08002ca2   0x08002ca2   0x00000002   PAD
    0x08002ca4   0x08002ca4   0x000001f0   Code   RO         1869    i.HAL_GPIO_Init     stm32f4xx_hal_gpio.o
    0x08002e94   0x08002e94   0x0000000a   Code   RO         1873    i.HAL_GPIO_WritePin  stm32f4xx_hal_gpio.o
    0x08002e9e   0x08002e9e   0x00000002   PAD
    0x08002ea0   0x08002ea0   0x0000000c   Code   RO         2407    i.HAL_GetTick       stm32f4xx_hal.o
    0x08002eac   0x08002eac   0x00000010   Code   RO         2413    i.HAL_IncTick       stm32f4xx_hal.o
    0x08002ebc   0x08002ebc   0x00000034   Code   RO         2414    i.HAL_Init          stm32f4xx_hal.o
    0x08002ef0   0x08002ef0   0x00000098   Code   RO          502    i.HAL_InitTick      stm32f4xx_hal_timebase_tim.o
    0x08002f88   0x08002f88   0x00000038   Code   RO          436    i.HAL_MspInit       stm32f4xx_hal_msp.o
    0x08002fc0   0x08002fc0   0x0000001a   Code   RO         2259    i.HAL_NVIC_EnableIRQ  stm32f4xx_hal_cortex.o
    0x08002fda   0x08002fda   0x00000002   PAD
    0x08002fdc   0x08002fdc   0x00000040   Code   RO         2265    i.HAL_NVIC_SetPriority  stm32f4xx_hal_cortex.o
    0x0800301c   0x0800301c   0x00000024   Code   RO         2266    i.HAL_NVIC_SetPriorityGrouping  stm32f4xx_hal_cortex.o
    0x08003040   0x08003040   0x00000002   Code   RO         1514    i.HAL_RCC_CSSCallback  stm32f4xx_hal_rcc.o
    0x08003042   0x08003042   0x00000002   PAD
    0x08003044   0x08003044   0x00000134   Code   RO         1515    i.HAL_RCC_ClockConfig  stm32f4xx_hal_rcc.o
    0x08003178   0x08003178   0x0000000c   Code   RO         1518    i.HAL_RCC_EnableCSS  stm32f4xx_hal_rcc.o
    0x08003184   0x08003184   0x00000040   Code   RO         1519    i.HAL_RCC_GetClockConfig  stm32f4xx_hal_rcc.o
    0x080031c4   0x080031c4   0x00000020   Code   RO         1522    i.HAL_RCC_GetPCLK1Freq  stm32f4xx_hal_rcc.o
    0x080031e4   0x080031e4   0x00000020   Code   RO         1523    i.HAL_RCC_GetPCLK2Freq  stm32f4xx_hal_rcc.o
    0x08003204   0x08003204   0x0000004c   Code   RO         1524    i.HAL_RCC_GetSysClockFreq  stm32f4xx_hal_rcc.o
    0x08003250   0x08003250   0x0000001c   Code   RO         1526    i.HAL_RCC_NMI_IRQHandler  stm32f4xx_hal_rcc.o
    0x0800326c   0x0800326c   0x0000036c   Code   RO         1527    i.HAL_RCC_OscConfig  stm32f4xx_hal_rcc.o
    0x080035d8   0x080035d8   0x00000002   Code   RO         1247    i.HAL_TIMEx_BreakCallback  stm32f4xx_hal_tim_ex.o
    0x080035da   0x080035da   0x00000002   Code   RO         1248    i.HAL_TIMEx_CommutCallback  stm32f4xx_hal_tim_ex.o
    0x080035dc   0x080035dc   0x00000054   Code   RO         1250    i.HAL_TIMEx_ConfigBreakDeadTime  stm32f4xx_hal_tim_ex.o
    0x08003630   0x08003630   0x00000090   Code   RO         1266    i.HAL_TIMEx_MasterConfigSynchronization  stm32f4xx_hal_tim_ex.o
    0x080036c0   0x080036c0   0x0000005a   Code   RO          543    i.HAL_TIM_Base_Init  stm32f4xx_hal_tim.o
    0x0800371a   0x0800371a   0x00000002   PAD
    0x0800371c   0x0800371c   0x00000080   Code   RO          438    i.HAL_TIM_Base_MspInit  stm32f4xx_hal_msp.o
    0x0800379c   0x0800379c   0x00000080   Code   RO          548    i.HAL_TIM_Base_Start_IT  stm32f4xx_hal_tim.o
    0x0800381c   0x0800381c   0x000000dc   Code   RO          552    i.HAL_TIM_ConfigClockSource  stm32f4xx_hal_tim.o
    0x080038f8   0x080038f8   0x000000a4   Code   RO          564    i.HAL_TIM_Encoder_Init  stm32f4xx_hal_tim.o
    0x0800399c   0x0800399c   0x000000e8   Code   RO          440    i.HAL_TIM_Encoder_MspInit  stm32f4xx_hal_msp.o
    0x08003a84   0x08003a84   0x0000008e   Code   RO          567    i.HAL_TIM_Encoder_Start  stm32f4xx_hal_tim.o
    0x08003b12   0x08003b12   0x00000002   Code   RO          577    i.HAL_TIM_IC_CaptureCallback  stm32f4xx_hal_tim.o
    0x08003b14   0x08003b14   0x00000130   Code   RO          591    i.HAL_TIM_IRQHandler  stm32f4xx_hal_tim.o
    0x08003c44   0x08003c44   0x00000054   Code   RO          441    i.HAL_TIM_MspPostInit  stm32f4xx_hal_msp.o
    0x08003c98   0x08003c98   0x00000002   Code   RO          594    i.HAL_TIM_OC_DelayElapsedCallback  stm32f4xx_hal_tim.o
    0x08003c9a   0x08003c9a   0x000000cc   Code   RO          615    i.HAL_TIM_PWM_ConfigChannel  stm32f4xx_hal_tim.o
    0x08003d66   0x08003d66   0x0000005a   Code   RO          618    i.HAL_TIM_PWM_Init  stm32f4xx_hal_tim.o
    0x08003dc0   0x08003dc0   0x00000002   Code   RO          620    i.HAL_TIM_PWM_MspInit  stm32f4xx_hal_tim.o
    0x08003dc2   0x08003dc2   0x00000002   Code   RO          621    i.HAL_TIM_PWM_PulseFinishedCallback  stm32f4xx_hal_tim.o
    0x08003dc4   0x08003dc4   0x000000c8   Code   RO          623    i.HAL_TIM_PWM_Start  stm32f4xx_hal_tim.o
    0x08003e8c   0x08003e8c   0x00000040   Code   RO          172    i.HAL_TIM_PeriodElapsedCallback  main.o
    0x08003ecc   0x08003ecc   0x0000007c   Code   RO          173    i.HAL_TIM_PeriodElapsedCallback_TIM13  main.o
    0x08003f48   0x08003f48   0x000000e4   Code   RO          174    i.HAL_TIM_PeriodElapsedCallback_TIM7  main.o
    0x0800402c   0x0800402c   0x00000002   Code   RO          634    i.HAL_TIM_TriggerCallback  stm32f4xx_hal_tim.o
    0x0800402e   0x0800402e   0x00000002   Code   RO         2664    i.HAL_UARTEx_RxEventCallback  stm32f4xx_hal_uart.o
    0x08004030   0x08004030   0x00000002   Code   RO         2678    i.HAL_UART_ErrorCallback  stm32f4xx_hal_uart.o
    0x08004032   0x08004032   0x00000002   PAD
    0x08004034   0x08004034   0x00000270   Code   RO         2681    i.HAL_UART_IRQHandler  stm32f4xx_hal_uart.o
    0x080042a4   0x080042a4   0x00000064   Code   RO         2682    i.HAL_UART_Init     stm32f4xx_hal_uart.o
    0x08004308   0x08004308   0x0000007c   Code   RO          443    i.HAL_UART_MspInit  stm32f4xx_hal_msp.o
    0x08004384   0x08004384   0x0000001c   Code   RO         2687    i.HAL_UART_Receive_IT  stm32f4xx_hal_uart.o
    0x080043a0   0x080043a0   0x00000424   Code   RO          175    i.HAL_UART_RxCpltCallback  main.o
    0x080047c4   0x080047c4   0x000000a0   Code   RO         2690    i.HAL_UART_Transmit  stm32f4xx_hal_uart.o
    0x08004864   0x08004864   0x00000002   Code   RO         2693    i.HAL_UART_TxCpltCallback  stm32f4xx_hal_uart.o
    0x08004866   0x08004866   0x00000002   Code   RO          344    i.HardFault_Handler  stm32f4xx_it.o
    0x08004868   0x08004868   0x00000030   Code   RO           13    i.LED_Task_entry    led_task.o
    0x08004898   0x08004898   0x000000a8   Code   RO          177    i.MX_GPIO_Init      main.o
    0x08004940   0x08004940   0x00000100   Code   RO          178    i.MX_TIM1_Init      main.o
    0x08004a40   0x08004a40   0x0000006c   Code   RO          179    i.MX_TIM2_Init      main.o
    0x08004aac   0x08004aac   0x0000006c   Code   RO          180    i.MX_TIM5_Init      main.o
    0x08004b18   0x08004b18   0x00000002   Code   RO          345    i.MemManage_Handler  stm32f4xx_it.o
    0x08004b1a   0x08004b1a   0x00000002   PAD
    0x08004b1c   0x08004b1c   0x00000058   Code   RO          181    i.Motor_SetSpeed    main.o
    0x08004b74   0x08004b74   0x00000006   Code   RO          346    i.NMI_Handler       stm32f4xx_it.o
    0x08004b7a   0x08004b7a   0x000000a2   Code   RO          182    i.PID_Calc          main.o
    0x08004c1c   0x08004c1c   0x00000034   Code   RO          183    i.PID_SetTarget     main.o
    0x08004c50   0x08004c50   0x00000060   Code   RO          184    i.Servo_SetAngle    main.o
    0x08004cb0   0x08004cb0   0x00000084   Code   RO          185    i.StartDefaultTask  main.o
    0x08004d34   0x08004d34   0x0000001a   Code   RO         4163    i.SysTick_Handler   cmsis_os2.o
    0x08004d4e   0x08004d4e   0x00000002   PAD
    0x08004d50   0x08004d50   0x00000098   Code   RO          186    i.SystemClock_Config  main.o
    0x08004de8   0x08004de8   0x00000010   Code   RO         3016    i.SystemInit        system_stm32f4xx.o
    0x08004df8   0x08004df8   0x0000000c   Code   RO          347    i.TIM2_IRQHandler   stm32f4xx_it.o
    0x08004e04   0x08004e04   0x0000000c   Code   RO          348    i.TIM5_IRQHandler   stm32f4xx_it.o
    0x08004e10   0x08004e10   0x0000000c   Code   RO          349    i.TIM7_IRQHandler   stm32f4xx_it.o
    0x08004e1c   0x08004e1c   0x0000000c   Code   RO          350    i.TIM8_TRG_COM_TIM14_IRQHandler  stm32f4xx_it.o
    0x08004e28   0x08004e28   0x0000000c   Code   RO          351    i.TIM8_UP_TIM13_IRQHandler  stm32f4xx_it.o
    0x08004e34   0x08004e34   0x000000d8   Code   RO          636    i.TIM_Base_SetConfig  stm32f4xx_hal_tim.o
    0x08004f0c   0x08004f0c   0x0000001a   Code   RO          637    i.TIM_CCxChannelCmd  stm32f4xx_hal_tim.o
    0x08004f26   0x08004f26   0x00000014   Code   RO          647    i.TIM_ETR_SetConfig  stm32f4xx_hal_tim.o
    0x08004f3a   0x08004f3a   0x00000010   Code   RO          648    i.TIM_ITRx_SetConfig  stm32f4xx_hal_tim.o
    0x08004f4a   0x08004f4a   0x00000002   PAD
    0x08004f4c   0x08004f4c   0x00000060   Code   RO          649    i.TIM_OC1_SetConfig  stm32f4xx_hal_tim.o
    0x08004fac   0x08004fac   0x0000006c   Code   RO          650    i.TIM_OC2_SetConfig  stm32f4xx_hal_tim.o
    0x08005018   0x08005018   0x00000068   Code   RO          651    i.TIM_OC3_SetConfig  stm32f4xx_hal_tim.o
    0x08005080   0x08005080   0x00000050   Code   RO          652    i.TIM_OC4_SetConfig  stm32f4xx_hal_tim.o
    0x080050d0   0x080050d0   0x00000022   Code   RO          654    i.TIM_TI1_ConfigInputStage  stm32f4xx_hal_tim.o
    0x080050f2   0x080050f2   0x00000024   Code   RO          656    i.TIM_TI2_ConfigInputStage  stm32f4xx_hal_tim.o
    0x08005116   0x08005116   0x00000010   Code   RO         2695    i.UART_DMAAbortOnError  stm32f4xx_hal_uart.o
    0x08005126   0x08005126   0x0000004e   Code   RO         2705    i.UART_EndRxTransfer  stm32f4xx_hal_uart.o
    0x08005174   0x08005174   0x000000c2   Code   RO         2707    i.UART_Receive_IT   stm32f4xx_hal_uart.o
    0x08005236   0x08005236   0x00000002   PAD
    0x08005238   0x08005238   0x0000010c   Code   RO         2708    i.UART_SetConfig    stm32f4xx_hal_uart.o
    0x08005344   0x08005344   0x00000036   Code   RO         2710    i.UART_Start_Receive_IT  stm32f4xx_hal_uart.o
    0x0800537a   0x0800537a   0x00000072   Code   RO         2711    i.UART_WaitOnFlagUntilTimeout  stm32f4xx_hal_uart.o
    0x080053ec   0x080053ec   0x0000000c   Code   RO          352    i.USART1_IRQHandler  stm32f4xx_it.o
    0x080053f8   0x080053f8   0x00000002   Code   RO          353    i.UsageFault_Handler  stm32f4xx_it.o
    0x080053fa   0x080053fa   0x00000030   Code   RO         5125    i.__ARM_fpclassify  m_wm.l(fpclassify.o)
    0x0800542a   0x0800542a   0x00000020   Code   RO         2272    i.__NVIC_SetPriority  stm32f4xx_hal_cortex.o
    0x0800544a   0x0800544a   0x00000006   PAD
    0x08005450   0x08005450   0x000000f8   Code   RO         5149    i.__hardfp___mathlib_tofloat  m_wm.l(narrow.o)
    0x08005548   0x08005548   0x00000038   Code   RO         4838    i.__hardfp_atof     m_wm.l(atof.o)
    0x08005580   0x08005580   0x000000d0   Code   RO         5214    i.__hardfp_ldexp    m_wm.l(ldexp.o)
    0x08005650   0x08005650   0x00000020   Code   RO         5270    i.__mathlib_dbl_overflow  m_wm.l(dunder.o)
    0x08005670   0x08005670   0x00000020   Code   RO         5272    i.__mathlib_dbl_underflow  m_wm.l(dunder.o)
    0x08005690   0x08005690   0x00000012   Code   RO         5150    i.__mathlib_narrow  m_wm.l(narrow.o)
    0x080056a2   0x080056a2   0x00000014   Code   RO         5216    i.__support_ldexp   m_wm.l(ldexp.o)
    0x080056b6   0x080056b6   0x0000000e   Code   RO         4916    i._is_digit         c_w.l(__printf_wp.o)
    0x080056c4   0x080056c4   0x00000004   PAD
    0x080056c8   0x080056c8   0x0000008c   Code   RO         5184    i.frexp             m_wm.l(frexp.o)
    0x08005754   0x08005754   0x000001b8   Code   RO          187    i.main              main.o
    0x0800590c   0x0800590c   0x0000001a   Code   RO         4165    i.osDelay           cmsis_os2.o
    0x08005926   0x08005926   0x00000002   PAD
    0x08005928   0x08005928   0x00000024   Code   RO         4179    i.osKernelInitialize  cmsis_os2.o
    0x0800594c   0x0800594c   0x00000038   Code   RO         4182    i.osKernelStart     cmsis_os2.o
    0x08005984   0x08005984   0x0000008a   Code   RO         4224    i.osThreadNew       cmsis_os2.o
    0x08005a0e   0x08005a0e   0x00000002   PAD
    0x08005a10   0x08005a10   0x0000005c   Code   RO         3624    i.prvAddCurrentTaskToDelayedList  tasks.o
    0x08005a6c   0x08005a6c   0x000000d0   Code   RO         3625    i.prvAddNewTaskToReadyList  tasks.o
    0x08005b3c   0x08005b3c   0x00000058   Code   RO         3989    i.prvCheckForValidListAndQueue  timers.o
    0x08005b94   0x08005b94   0x00000026   Code   RO         3221    i.prvCopyDataFromQueue  queue.o
    0x08005bba   0x08005bba   0x0000006c   Code   RO         3222    i.prvCopyDataToQueue  queue.o
    0x08005c26   0x08005c26   0x00000034   Code   RO         3626    i.prvDeleteTCB      tasks.o
    0x08005c5a   0x08005c5a   0x00000002   PAD
    0x08005c5c   0x08005c5c   0x0000004c   Code   RO         4676    i.prvHeapInit       heap_4.o
    0x08005ca8   0x08005ca8   0x00000060   Code   RO         3627    i.prvIdleTask       tasks.o
    0x08005d08   0x08005d08   0x00000022   Code   RO         3224    i.prvInitialiseNewQueue  queue.o
    0x08005d2a   0x08005d2a   0x00000002   PAD
    0x08005d2c   0x08005d2c   0x000000b0   Code   RO         3628    i.prvInitialiseNewTask  tasks.o
    0x08005ddc   0x08005ddc   0x0000004c   Code   RO         4677    i.prvInsertBlockIntoFreeList  heap_4.o
    0x08005e28   0x08005e28   0x00000038   Code   RO         3991    i.prvInsertTimerInActiveList  timers.o
    0x08005e60   0x08005e60   0x0000001c   Code   RO         3225    i.prvIsQueueEmpty   queue.o
    0x08005e7c   0x08005e7c   0x000000fc   Code   RO         3992    i.prvProcessReceivedCommands  timers.o
    0x08005f78   0x08005f78   0x000000c0   Code   RO         3993    i.prvProcessTimerOrBlockTask  timers.o
    0x08006038   0x08006038   0x00000020   Code   RO         3630    i.prvResetNextTaskUnblockTime  tasks.o
    0x08006058   0x08006058   0x00000028   Code   RO         3994    i.prvSampleTimeNow  timers.o
    0x08006080   0x08006080   0x0000006c   Code   RO         3995    i.prvSwitchTimerLists  timers.o
    0x080060ec   0x080060ec   0x00000028   Code   RO         4732    i.prvTaskExitError  port.o
    0x08006114   0x08006114   0x00000024   Code   RO         3996    i.prvTimerTask      timers.o
    0x08006138   0x08006138   0x0000006a   Code   RO         3226    i.prvUnlockQueue    queue.o
    0x080061a2   0x080061a2   0x00000002   PAD
    0x080061a4   0x080061a4   0x000000dc   Code   RO         4678    i.pvPortMalloc      heap_4.o
    0x08006280   0x08006280   0x0000002c   Code   RO         4733    i.pxPortInitialiseStack  port.o
    0x080062ac   0x080062ac   0x00000030   Code   RO          188    i.uart_printf       main.o
    0x080062dc   0x080062dc   0x00000026   Code   RO         3181    i.uxListRemove      list.o
    0x08006302   0x08006302   0x00000002   PAD
    0x08006304   0x08006304   0x00000014   Code   RO         4236    i.vApplicationGetIdleTaskMemory  cmsis_os2.o
    0x08006318   0x08006318   0x00000018   Code   RO         4237    i.vApplicationGetTimerTaskMemory  cmsis_os2.o
    0x08006330   0x08006330   0x00000016   Code   RO         3182    i.vListInitialise   list.o
    0x08006346   0x08006346   0x00000006   Code   RO         3183    i.vListInitialiseItem  list.o
    0x0800634c   0x0800634c   0x00000030   Code   RO         3184    i.vListInsert       list.o
    0x0800637c   0x0800637c   0x00000018   Code   RO         3185    i.vListInsertEnd    list.o
    0x08006394   0x08006394   0x00000040   Code   RO         4735    i.vPortEnterCritical  port.o
    0x080063d4   0x080063d4   0x00000028   Code   RO         4736    i.vPortExitCritical  port.o
    0x080063fc   0x080063fc   0x00000064   Code   RO         4679    i.vPortFree         heap_4.o
    0x08006460   0x08006460   0x00000024   Code   RO         4737    i.vPortSetupTimerInterrupt  port.o
    0x08006484   0x08006484   0x00000054   Code   RO         4738    i.vPortValidateInterruptPriority  port.o
    0x080064d8   0x080064d8   0x00000028   Code   RO         3232    i.vQueueAddToRegistry  queue.o
    0x08006500   0x08006500   0x00000044   Code   RO         3236    i.vQueueWaitForMessageRestricted  queue.o
    0x08006544   0x08006544   0x0000004c   Code   RO         3643    i.vTaskDelay        tasks.o
    0x08006590   0x08006590   0x00000010   Code   RO         3648    i.vTaskInternalSetTimeOutState  tasks.o
    0x080065a0   0x080065a0   0x0000000c   Code   RO         3649    i.vTaskMissedYield  tasks.o
    0x080065ac   0x080065ac   0x00000030   Code   RO         3651    i.vTaskPlaceOnEventList  tasks.o
    0x080065dc   0x080065dc   0x00000038   Code   RO         3652    i.vTaskPlaceOnEventListRestricted  tasks.o
    0x08006614   0x08006614   0x00000088   Code   RO         3660    i.vTaskStartScheduler  tasks.o
    0x0800669c   0x0800669c   0x00000010   Code   RO         3662    i.vTaskSuspendAll   tasks.o
    0x080066ac   0x080066ac   0x00000064   Code   RO         3663    i.vTaskSwitchContext  tasks.o
    0x08006710   0x08006710   0x000000f4   Code   RO         4739    i.xPortStartScheduler  port.o
    0x08006804   0x08006804   0x0000002c   Code   RO         4740    i.xPortSysTickHandler  port.o
    0x08006830   0x08006830   0x00000066   Code   RO         3242    i.xQueueGenericCreateStatic  queue.o
    0x08006896   0x08006896   0x00000002   PAD
    0x08006898   0x08006898   0x00000088   Code   RO         3243    i.xQueueGenericReset  queue.o
    0x08006920   0x08006920   0x00000160   Code   RO         3244    i.xQueueGenericSend  queue.o
    0x08006a80   0x08006a80   0x000000be   Code   RO         3245    i.xQueueGenericSendFromISR  queue.o
    0x08006b3e   0x08006b3e   0x00000002   PAD
    0x08006b40   0x08006b40   0x00000138   Code   RO         3254    i.xQueueReceive     queue.o
    0x08006c78   0x08006c78   0x00000074   Code   RO         3665    i.xTaskCheckForTimeOut  tasks.o
    0x08006cec   0x08006cec   0x0000005a   Code   RO         3666    i.xTaskCreate       tasks.o
    0x08006d46   0x08006d46   0x00000056   Code   RO         3667    i.xTaskCreateStatic  tasks.o
    0x08006d9c   0x08006d9c   0x0000001c   Code   RO         3671    i.xTaskGetSchedulerState  tasks.o
    0x08006db8   0x08006db8   0x0000000c   Code   RO         3672    i.xTaskGetTickCount  tasks.o
    0x08006dc4   0x08006dc4   0x000000c8   Code   RO         3674    i.xTaskIncrementTick  tasks.o
    0x08006e8c   0x08006e8c   0x00000080   Code   RO         3677    i.xTaskPriorityDisinherit  tasks.o
    0x08006f0c   0x08006f0c   0x00000070   Code   RO         3679    i.xTaskRemoveFromEventList  tasks.o
    0x08006f7c   0x08006f7c   0x000000c4   Code   RO         3680    i.xTaskResumeAll    tasks.o
    0x08007040   0x08007040   0x00000060   Code   RO         4005    i.xTimerCreateTimerTask  timers.o
    0x080070a0   0x080070a0   0x00000068   Code   RO         4006    i.xTimerGenericCommand  timers.o
    0x08007108   0x08007108   0x0000002c   Code   RO         5021    locale$$code        c_w.l(lc_numeric_c.o)
    0x08007134   0x08007134   0x0000002c   Code   RO         5064    locale$$code        c_w.l(lc_ctype_c.o)
    0x08007160   0x08007160   0x00000062   Code   RO         4834    x$fpl$d2f           fz_wm.l(d2f.o)
    0x080071c2   0x080071c2   0x00000002   PAD
    0x080071c4   0x080071c4   0x00000010   Code   RO         5287    x$fpl$dcheck1       fz_wm.l(dcheck1.o)
    0x080071d4   0x080071d4   0x00000018   Code   RO         5208    x$fpl$dcmpinf       fz_wm.l(dcmpi.o)
    0x080071ec   0x080071ec   0x00000078   Code   RO         5178    x$fpl$deqf          fz_wm.l(deqf.o)
    0x08007264   0x08007264   0x00000078   Code   RO         5210    x$fpl$dleqf         fz_wm.l(dleqf.o)
    0x080072dc   0x080072dc   0x00000154   Code   RO         5212    x$fpl$dmul          fz_wm.l(dmul.o)
    0x08007430   0x08007430   0x0000009c   Code   RO         4957    x$fpl$dnaninf       fz_wm.l(dnaninf.o)
    0x080074cc   0x080074cc   0x0000000c   Code   RO         4959    x$fpl$dretinf       fz_wm.l(dretinf.o)
    0x080074d8   0x080074d8   0x0000006c   Code   RO         5180    x$fpl$drleqf        fz_wm.l(drleqf.o)
    0x08007544   0x08007544   0x00000056   Code   RO         4836    x$fpl$f2d           fz_wm.l(f2d.o)
    0x0800759a   0x0800759a   0x0000008c   Code   RO         4961    x$fpl$fnaninf       fz_wm.l(fnaninf.o)
    0x08007626   0x08007626   0x0000000a   Code   RO         5141    x$fpl$fpinit        fz_wm.l(fpinit.o)
    0x08007630   0x08007630   0x0000000a   Code   RO         4963    x$fpl$fretinf       fz_wm.l(fretinf.o)
    0x0800763a   0x0800763a   0x00000006   Code   RO         5123    x$fpl$ieeestatus    fz_wm.l(istatus.o)
    0x08007640   0x08007640   0x00000004   Code   RO         4965    x$fpl$printf1       fz_wm.l(printf1.o)
    0x08007644   0x08007644   0x00000004   Code   RO         4967    x$fpl$printf2       fz_wm.l(printf2.o)
    0x08007648   0x08007648   0x00000064   Code   RO         5293    x$fpl$retnan        fz_wm.l(retnan.o)
    0x080076ac   0x080076ac   0x0000005c   Code   RO         5264    x$fpl$scalbn        fz_wm.l(scalbn.o)
    0x08007708   0x08007708   0x00000004   Code   RO         5023    x$fpl$scanf1        fz_wm.l(scanf1.o)
    0x0800770c   0x0800770c   0x00000008   Code   RO         5143    x$fpl$scanf2        fz_wm.l(scanf2.o)
    0x08007714   0x08007714   0x00000030   Code   RO         5295    x$fpl$trapveneer    fz_wm.l(trapv.o)
    0x08007744   0x08007744   0x00000000   Code   RO         4973    x$fpl$usenofp       fz_wm.l(usenofp.o)
    0x08007744   0x08007744   0x00000048   Data   RO          192    .constdata          main.o
    0x0800778c   0x0800778c   0x00000010   Data   RO         3017    .constdata          system_stm32f4xx.o
    0x0800779c   0x0800779c   0x00000008   Data   RO         3018    .constdata          system_stm32f4xx.o
    0x080077a4   0x080077a4   0x00000008   Data   RO         4875    .constdata          c_w.l(_printf_wctomb.o)
    0x080077ac   0x080077ac   0x00000028   Data   RO         4904    .constdata          c_w.l(_printf_hex_int_ll_ptr.o)
    0x080077d4   0x080077d4   0x00000011   Data   RO         4924    .constdata          c_w.l(__printf_flags_ss_wp.o)
    0x080077e5   0x080077e5   0x00000026   Data   RO         5005    .constdata          c_w.l(_printf_fp_hex.o)
    0x0800780b   0x0800780b   0x00000001   PAD
    0x0800780c   0x0800780c   0x00000094   Data   RO         5039    .constdata          c_w.l(bigflt0.o)
    0x080078a0   0x080078a0   0x00000018   Data   RO          193    .conststring        main.o
    0x080078b8   0x080078b8   0x00000020   Data   RO         5297    Region$$Table       anon$$obj.o
    0x080078d8   0x080078d8   0x00000008   Data   RO         5137    c$$dinf             fz_wm.l(fpconst.o)
    0x080078e0   0x080078e0   0x00000008   Data   RO         5140    c$$dmax             fz_wm.l(fpconst.o)
    0x080078e8   0x080078e8   0x0000001c   Data   RO         5020    locale$$data        c_w.l(lc_numeric_c.o)
    0x08007904   0x08007904   0x00000110   Data   RO         5063    locale$$data        c_w.l(lc_ctype_c.o)


    Execution Region RW_IRAM1 (Exec base: 0x20000000, Load base: 0x08007a14, Size: 0x000090b0, Max: 0x0001c000, ABSOLUTE)

    Exec Addr    Load Addr    Size         Type   Attr      Idx    E Section Name        Object

    0x20000000   0x08007a14   0x00000078   Data   RW          194    .data               main.o
    0x20000078   0x08007a8c   0x0000000c   Data   RW         2421    .data               stm32f4xx_hal.o
    0x20000084   0x08007a98   0x00000004   Data   RW         3019    .data               system_stm32f4xx.o
    0x20000088   0x08007a9c   0x0000003c   Data   RW         3683    .data               tasks.o
    0x200000c4   0x08007ad8   0x00000014   Data   RW         4014    .data               timers.o
    0x200000d8   0x08007aec   0x00000004   Data   RW         4239    .data               cmsis_os2.o
    0x200000dc   0x08007af0   0x00000020   Data   RW         4685    .data               heap_4.o
    0x200000fc   0x08007b10   0x0000000c   Data   RW         4741    .data               port.o
    0x20000108        -       0x000001d0   Zero   RW          189    .bss                main.o
    0x200002d8        -       0x00000200   Zero   RW          190    .bss                main.o
    0x200004d8        -       0x0000005c   Zero   RW          191    .bss                main.o
    0x20000534        -       0x00000048   Zero   RW          505    .bss                stm32f4xx_hal_timebase_tim.o
    0x2000057c        -       0x00000040   Zero   RW         3258    .bss                queue.o
    0x200005bc        -       0x000004c4   Zero   RW         3682    .bss                tasks.o
    0x20000a80        -       0x00000118   Zero   RW         4013    .bss                timers.o
    0x20000b98        -       0x000006b8   Zero   RW         4238    .bss                cmsis_os2.o
    0x20001250        -       0x00007800   Zero   RW         4684    .bss                heap_4.o
    0x20008a50        -       0x00000060   Zero   RW         4975    .bss                c_w.l(libspace.o)
    0x20008ab0        -       0x00000200   Zero   RW            2    HEAP                startup_stm32f407xx.o
    0x20008cb0        -       0x00000400   Zero   RW            1    STACK               startup_stm32f407xx.o


    Execution Region RW_IRAM2 (Exec base: 0x2001c000, Load base: 0x08007b1c, Size: 0x00000000, Max: 0x00004000, ABSOLUTE)

    **** No section assigned to this execution region ****


==============================================================================

Image component sizes


      Code (inc. data)   RO Data    RW Data    ZI Data      Debug   Object Name

       326         22          0          4       1720      64995   cmsis_os2.o
         0          0          0          0          0      19404   event_groups.o
       472         24          0         32      30720       4819   heap_4.o
        48          4          0          0          0     711321   led_task.o
       138          0          0          0          0       3498   list.o
      3286        538         96        120       1068      13762   main.o
       786         82          0         12          0      11413   port.o
      1514         20          0          0         64      17284   queue.o
        64         26        392          0       1536        836   startup_stm32f407xx.o
        80         14          0         12          0       8026   stm32f4xx_hal.o
       158         14          0          0          0      32994   stm32f4xx_hal_cortex.o
       182          0          0          0          0       2075   stm32f4xx_hal_dma.o
       506         46          0          0          0       2168   stm32f4xx_hal_gpio.o
       624         64          0          0          0       3840   stm32f4xx_hal_msp.o
      1430         92          0          0          0       7404   stm32f4xx_hal_rcc.o
      2288        138          0          0          0      18817   stm32f4xx_hal_tim.o
       232         28          0          0          0       3265   stm32f4xx_hal_tim_ex.o
       152         20          0          0         72       1428   stm32f4xx_hal_timebase_tim.o
      1642         16          0          0          0      11332   stm32f4xx_hal_uart.o
        88         36          0          0          0       5418   stm32f4xx_it.o
         0          0          0          0          0        392   stream_buffer.o
        16          4         24          4          0       1083   system_stm32f4xx.o
      2084        168          0         60       1220      26692   tasks.o
       972         80          0         20        280      31975   timers.o

    ----------------------------------------------------------------------
     17132       1436        544        264      36680    1004241   Object Totals
         0          0         32          0          0          0   (incl. Generated)
        44          0          0          0          0          0   (incl. Padding)

    ----------------------------------------------------------------------

      Code (inc. data)   RO Data    RW Data    ZI Data      Debug   Library Member Name

         8          0          0          0          0         68   __main.o
       392          4         17          0          0         92   __printf_flags_ss_wp.o
        14          0          0          0          0         68   __printf_wp.o
         0          0          0          0          0          0   __rtentry.o
        12          0          0          0          0          0   __rtentry2.o
         6          0          0          0          0          0   __rtentry4.o
        52          8          0          0          0          0   __scatter.o
        26          0          0          0          0          0   __scatter_copy.o
        28          0          0          0          0          0   __scatter_zi.o
        28          0          0          0          0         68   _chval.o
         6          0          0          0          0          0   _printf_a.o
         6          0          0          0          0          0   _printf_c.o
        44          0          0          0          0        108   _printf_char.o
        48          6          0          0          0         96   _printf_char_common.o
        40          0          0          0          0         68   _printf_charcount.o
         6          0          0          0          0          0   _printf_d.o
       120         16          0          0          0         92   _printf_dec.o
         6          0          0          0          0          0   _printf_e.o
         6          0          0          0          0          0   _printf_f.o
      1054          0          0          0          0        216   _printf_fp_dec.o
       764          8         38          0          0        100   _printf_fp_hex.o
       128         16          0          0          0         84   _printf_fp_infnan.o
         6          0          0          0          0          0   _printf_g.o
       148          4         40          0          0        160   _printf_hex_int_ll_ptr.o
         6          0          0          0          0          0   _printf_i.o
       178          0          0          0          0         88   _printf_intcommon.o
        10          0          0          0          0          0   _printf_l.o
         6          0          0          0          0          0   _printf_lc.o
        10          0          0          0          0          0   _printf_ll.o
         6          0          0          0          0          0   _printf_lld.o
         6          0          0          0          0          0   _printf_lli.o
         6          0          0          0          0          0   _printf_llo.o
         6          0          0          0          0          0   _printf_llu.o
         6          0          0          0          0          0   _printf_llx.o
       124         16          0          0          0         92   _printf_longlong_dec.o
         6          0          0          0          0          0   _printf_ls.o
         6          0          0          0          0          0   _printf_n.o
         6          0          0          0          0          0   _printf_o.o
       112         10          0          0          0        124   _printf_oct_int_ll.o
         6          0          0          0          0          0   _printf_p.o
        78          0          0          0          0        108   _printf_pad.o
         0          0          0          0          0          0   _printf_percent.o
         4          0          0          0          0          0   _printf_percent_end.o
         6          0          0          0          0          0   _printf_s.o
        82          0          0          0          0         80   _printf_str.o
        36          0          0          0          0         84   _printf_truncate.o
         6          0          0          0          0          0   _printf_u.o
        44          0          0          0          0        108   _printf_wchar.o
       188          6          8          0          0         92   _printf_wctomb.o
         6          0          0          0          0          0   _printf_x.o
        22          0          0          0          0        100   _rserrno.o
        64          0          0          0          0         84   _sgetc.o
        16          0          0          0          0         68   _snputc.o
        10          0          0          0          0         68   _sputc.o
       158          0          0          0          0         92   _strtoul.o
        64          0          0          0          0         92   _wcrtomb.o
        16          0          0          0          0         68   aeabi_memset.o
        26          0          0          0          0         80   atoi.o
       228          4        148          0          0         96   bigflt0.o
      2152        136          0          0          0        960   btod.o
        18          0          0          0          0         80   exit.o
         6          0          0          0          0        152   heapauxi.o
         0          0          0          0          0          0   indicate_semi.o
        18          0          0          0          0         76   isspace.o
        44         10        272          0          0         76   lc_ctype_c.o
        44         10         28          0          0         76   lc_numeric_c.o
         2          0          0          0          0          0   libinit.o
        34          0          0          0          0          0   libinit2.o
         2          0          0          0          0          0   libshutdown.o
         2          0          0          0          0          0   libshutdown2.o
         8          4          0          0         96         68   libspace.o
        38          0          0          0          0         68   llshl.o
       138          0          0          0          0         80   lludiv10.o
       238          0          0          0          0        100   lludivv7m.o
        16          4          0          0          0         76   rt_ctype_table.o
         8          4          0          0          0         68   rt_errno_addr_intlibspace.o
         8          4          0          0          0         68   rt_locale_intlibspace.o
        68          0          0          0          0         68   rt_memclr.o
        78          0          0          0          0         80   rt_memclr_w.o
       138          0          0          0          0         68   rt_memcpy_v6.o
       100          0          0          0          0         80   rt_memcpy_w.o
         2          0          0          0          0          0   rtexit.o
        10          0          0          0          0          0   rtexit2.o
      1272         16          0          0          0        168   scanf_fp.o
       800         14          0          0          0        100   scanf_hexfp.o
       308         16          0          0          0        100   scanf_infnan.o
        20          0          0          0          0         68   strchr.o
       128          0          0          0          0         68   strcmpv7m.o
        62          0          0          0          0         76   strlen.o
       164         14          0          0          0        120   strtod.o
       112          0          0          0          0         88   strtol.o
        12          4          0          0          0         68   sys_exit.o
        74          0          0          0          0         80   sys_stackheap_outer.o
         2          0          0          0          0         68   use_no_semi.o
        52          4          0          0          0         80   vsnprintf.o
        98          4          0          0          0        140   d2f.o
        16          4          0          0          0        116   dcheck1.o
        24          0          0          0          0        116   dcmpi.o
       120          4          0          0          0        140   deqf.o
       120          4          0          0          0        140   dleqf.o
       340         12          0          0          0        152   dmul.o
       156          4          0          0          0        140   dnaninf.o
        12          0          0          0          0        116   dretinf.o
       108          0          0          0          0        128   drleqf.o
        86          4          0          0          0        132   f2d.o
       140          4          0          0          0        132   fnaninf.o
         0          0         16          0          0          0   fpconst.o
        10          0          0          0          0        116   fpinit.o
        10          0          0          0          0        116   fretinf.o
         6          0          0          0          0        116   istatus.o
         4          0          0          0          0        116   printf1.o
         4          0          0          0          0        116   printf2.o
       100          0          0          0          0        116   retnan.o
        92          0          0          0          0        116   scalbn.o
         4          0          0          0          0        116   scanf1.o
         8          0          0          0          0        132   scanf2.o
        48          0          0          0          0        116   trapv.o
         0          0          0          0          0          0   usenofp.o
        56         12          0          0          0        132   atof.o
        64         16          0          0          0        248   dunder.o
        48          0          0          0          0        124   fpclassify.o
       140         22          0          0          0        132   frexp.o
       228          8          0          0          0        308   ldexp.o
       266         16          0          0          0        308   narrow.o

    ----------------------------------------------------------------------
     13008        452        568          0         96       9952   Library Totals
        20          0          1          0          0          0   (incl. Padding)

    ----------------------------------------------------------------------

      Code (inc. data)   RO Data    RW Data    ZI Data      Debug   Library Name

     10680        338        551          0         96       6072   c_w.l
      1506         40         16          0          0       2628   fz_wm.l
       802         74          0          0          0       1252   m_wm.l

    ----------------------------------------------------------------------
     13008        452        568          0         96       9952   Library Totals

    ----------------------------------------------------------------------

==============================================================================


      Code (inc. data)   RO Data    RW Data    ZI Data      Debug   

     30140       1888       1112        264      36776     992113   Grand Totals
     30140       1888       1112        264      36776     992113   ELF Image Totals
     30140       1888       1112        264          0          0   ROM Totals

==============================================================================

    Total RO  Size (Code + RO Data)                31252 (  30.52kB)
    Total RW  Size (RW Data + ZI Data)             37040 (  36.17kB)
    Total ROM Size (Code + RO Data + RW Data)      31516 (  30.78kB)

==============================================================================

